core_cm4.h:1508:22:NVIC_SetPendingIRQ	16	static
stm32f4xx_it.c:60:6:NMI_Handler	4	static
stm32f4xx_it.c:69:6:HardFault_Handler	4	static
stm32f4xx_it.c:82:6:MemManage_Handler	4	static
stm32f4xx_it.c:95:6:BusFault_Handler	4	static
stm32f4xx_it.c:108:6:UsageFault_Handler	4	static
stm32f4xx_it.c:121:6:SVC_Handler	4	static
stm32f4xx_it.c:130:6:DebugMon_Handler	4	static
stm32f4xx_it.c:139:6:PendSV_Handler	4	static
stm32f4xx_it.c:148:6:SysTick_Handler	4	static
stm32f4xx_it.c:172:6:EXTI0_IRQHandler	8	static
stm32f4xx_it.c:199:6:EXTI1_IRQHandler	8	static
stm32f4xx_it.c:207:6:EXTI2_IRQHandler	8	static
stm32f4xx_it.c:216:6:EXTI3_IRQHandler	8	static
stm32f4xx_it.c:225:6:DMA2_Stream0_IRQHandler	8	static
stm32f4xx_it.c:251:6:USART1_IRQHandler	8	static
