core_cm4.h:1508:22:NVIC_SetPendingIRQ	16	static
stm32f4xx_it.c:58:6:NMI_Handler	4	static
stm32f4xx_it.c:67:6:HardFault_Handler	4	static
stm32f4xx_it.c:80:6:MemManage_Handler	4	static
stm32f4xx_it.c:93:6:BusFault_Handler	4	static
stm32f4xx_it.c:106:6:UsageFault_Handler	4	static
stm32f4xx_it.c:119:6:SVC_Handler	4	static
stm32f4xx_it.c:128:6:DebugMon_Handler	4	static
stm32f4xx_it.c:137:6:PendSV_Handler	4	static
stm32f4xx_it.c:146:6:SysTick_Handler	4	static
stm32f4xx_it.c:170:6:EXTI0_IRQHandler	8	static
stm32f4xx_it.c:197:6:EXTI1_IRQHandler	8	static
stm32f4xx_it.c:205:6:EXTI2_IRQHandler	8	static
stm32f4xx_it.c:214:6:EXTI3_IRQHandler	8	static
stm32f4xx_it.c:223:6:DMA2_Stream0_IRQHandler	8	static
