Archive member included to satisfy reference by file (symbol)

c:/program files (x86)/atollic/truestudio for stm32 9.3.0/armtools/bin/../lib/gcc/arm-atollic-eabi/6.3.1/../../../../arm-atollic-eabi/lib/armv7e-m/fpu\libc_nano.a(lib_a-init.o)
                              ./Libraries/System_stm32f4xx/src/startup_stm32f429x.o (__libc_init_array)

Allocating common symbols
Common symbol       size              file

SysTickCounter      0x4               ./src/src/SysTick.o

Discarded input sections

 .text          0x00000000        0x0 c:/program files (x86)/atollic/truestudio for stm32 9.3.0/armtools/bin/../lib/gcc/arm-atollic-eabi/6.3.1/armv7e-m/fpu/crti.o
 .data          0x00000000        0x0 c:/program files (x86)/atollic/truestudio for stm32 9.3.0/armtools/bin/../lib/gcc/arm-atollic-eabi/6.3.1/armv7e-m/fpu/crti.o
 .bss           0x00000000        0x0 c:/program files (x86)/atollic/truestudio for stm32 9.3.0/armtools/bin/../lib/gcc/arm-atollic-eabi/6.3.1/armv7e-m/fpu/crti.o
 .data          0x00000000        0x4 c:/program files (x86)/atollic/truestudio for stm32 9.3.0/armtools/bin/../lib/gcc/arm-atollic-eabi/6.3.1/armv7e-m/fpu/crtbegin.o
 .text          0x00000000        0x0 ./src/src/SysTick.o
 .data          0x00000000        0x0 ./src/src/SysTick.o
 .bss           0x00000000        0x0 ./src/src/SysTick.o
 .text.SysTick_IncrementTicks_cb
                0x00000000       0x1c ./src/src/SysTick.o
 .text.SysTick_GetCurrentTick
                0x00000000       0x18 ./src/src/SysTick.o
 .text          0x00000000        0x0 ./src/src/gpio.o
 .data          0x00000000        0x0 ./src/src/gpio.o
 .bss           0x00000000        0x0 ./src/src/gpio.o
 .text          0x00000000        0x0 ./src/main.o
 .data          0x00000000        0x0 ./src/main.o
 .bss           0x00000000        0x0 ./src/main.o
 .text          0x00000000       0x14 ./Libraries/System_stm32f4xx/src/startup_stm32f429x.o
 .data          0x00000000        0x0 ./Libraries/System_stm32f4xx/src/startup_stm32f429x.o
 .bss           0x00000000        0x0 ./Libraries/System_stm32f4xx/src/startup_stm32f429x.o
 .text          0x00000000        0x0 ./Libraries/System_stm32f4xx/src/stm32f4xx_it.o
 .data          0x00000000        0x0 ./Libraries/System_stm32f4xx/src/stm32f4xx_it.o
 .bss           0x00000000        0x0 ./Libraries/System_stm32f4xx/src/stm32f4xx_it.o
 .text          0x00000000        0x0 ./Libraries/System_stm32f4xx/src/system_stm32f4xx.o
 .data          0x00000000        0x0 ./Libraries/System_stm32f4xx/src/system_stm32f4xx.o
 .bss           0x00000000        0x0 ./Libraries/System_stm32f4xx/src/system_stm32f4xx.o
 .text          0x00000000        0x0 c:/program files (x86)/atollic/truestudio for stm32 9.3.0/armtools/bin/../lib/gcc/arm-atollic-eabi/6.3.1/../../../../arm-atollic-eabi/lib/armv7e-m/fpu\libc_nano.a(lib_a-init.o)
 .data          0x00000000        0x0 c:/program files (x86)/atollic/truestudio for stm32 9.3.0/armtools/bin/../lib/gcc/arm-atollic-eabi/6.3.1/../../../../arm-atollic-eabi/lib/armv7e-m/fpu\libc_nano.a(lib_a-init.o)
 .bss           0x00000000        0x0 c:/program files (x86)/atollic/truestudio for stm32 9.3.0/armtools/bin/../lib/gcc/arm-atollic-eabi/6.3.1/../../../../arm-atollic-eabi/lib/armv7e-m/fpu\libc_nano.a(lib_a-init.o)
 .text          0x00000000        0x0 c:/program files (x86)/atollic/truestudio for stm32 9.3.0/armtools/bin/../lib/gcc/arm-atollic-eabi/6.3.1/armv7e-m/fpu/crtend.o
 .data          0x00000000        0x0 c:/program files (x86)/atollic/truestudio for stm32 9.3.0/armtools/bin/../lib/gcc/arm-atollic-eabi/6.3.1/armv7e-m/fpu/crtend.o
 .bss           0x00000000        0x0 c:/program files (x86)/atollic/truestudio for stm32 9.3.0/armtools/bin/../lib/gcc/arm-atollic-eabi/6.3.1/armv7e-m/fpu/crtend.o
 .eh_frame      0x00000000        0x4 c:/program files (x86)/atollic/truestudio for stm32 9.3.0/armtools/bin/../lib/gcc/arm-atollic-eabi/6.3.1/armv7e-m/fpu/crtend.o
 .ARM.attributes
                0x00000000       0x34 c:/program files (x86)/atollic/truestudio for stm32 9.3.0/armtools/bin/../lib/gcc/arm-atollic-eabi/6.3.1/armv7e-m/fpu/crtend.o
 .text          0x00000000        0x0 c:/program files (x86)/atollic/truestudio for stm32 9.3.0/armtools/bin/../lib/gcc/arm-atollic-eabi/6.3.1/armv7e-m/fpu/crtn.o
 .data          0x00000000        0x0 c:/program files (x86)/atollic/truestudio for stm32 9.3.0/armtools/bin/../lib/gcc/arm-atollic-eabi/6.3.1/armv7e-m/fpu/crtn.o
 .bss           0x00000000        0x0 c:/program files (x86)/atollic/truestudio for stm32 9.3.0/armtools/bin/../lib/gcc/arm-atollic-eabi/6.3.1/armv7e-m/fpu/crtn.o

Memory Configuration

Name             Origin             Length             Attributes
FLASH            0x08000000         0x00200000         xr
RAM              0x20000000         0x00030000         xrw
MEMORY_B1        0x60000000         0x00000000         xr
CCMRAM           0x10000000         0x00010000         rw
*default*        0x00000000         0xffffffff

Linker script and memory map

LOAD c:/program files (x86)/atollic/truestudio for stm32 9.3.0/armtools/bin/../lib/gcc/arm-atollic-eabi/6.3.1/armv7e-m/fpu/crti.o
LOAD c:/program files (x86)/atollic/truestudio for stm32 9.3.0/armtools/bin/../lib/gcc/arm-atollic-eabi/6.3.1/armv7e-m/fpu/crtbegin.o
LOAD ./src/src/SysTick.o
LOAD ./src/src/gpio.o
LOAD ./src/main.o
LOAD ./Libraries/System_stm32f4xx/src/startup_stm32f429x.o
LOAD ./Libraries/System_stm32f4xx/src/stm32f4xx_it.o
LOAD ./Libraries/System_stm32f4xx/src/system_stm32f4xx.o
                0x00000080                malloc_getpagesize_P = 0x80
START GROUP
LOAD c:/program files (x86)/atollic/truestudio for stm32 9.3.0/armtools/bin/../lib/gcc/arm-atollic-eabi/6.3.1/../../../../arm-atollic-eabi/lib/armv7e-m/fpu\libc_nano.a
LOAD c:/program files (x86)/atollic/truestudio for stm32 9.3.0/armtools/bin/../lib/gcc/arm-atollic-eabi/6.3.1/../../../../arm-atollic-eabi/lib/armv7e-m/fpu\libm.a
END GROUP
START GROUP
LOAD c:/program files (x86)/atollic/truestudio for stm32 9.3.0/armtools/bin/../lib/gcc/arm-atollic-eabi/6.3.1/armv7e-m/fpu\libgcc.a
LOAD c:/program files (x86)/atollic/truestudio for stm32 9.3.0/armtools/bin/../lib/gcc/arm-atollic-eabi/6.3.1/../../../../arm-atollic-eabi/lib/armv7e-m/fpu\libc_nano.a
END GROUP
START GROUP
LOAD c:/program files (x86)/atollic/truestudio for stm32 9.3.0/armtools/bin/../lib/gcc/arm-atollic-eabi/6.3.1/armv7e-m/fpu\libgcc.a
LOAD c:/program files (x86)/atollic/truestudio for stm32 9.3.0/armtools/bin/../lib/gcc/arm-atollic-eabi/6.3.1/../../../../arm-atollic-eabi/lib/armv7e-m/fpu\libc_nano.a
LOAD c:/program files (x86)/atollic/truestudio for stm32 9.3.0/armtools/bin/../lib/gcc/arm-atollic-eabi/6.3.1/../../../../arm-atollic-eabi/lib/armv7e-m/fpu\libnosys.a
END GROUP
START GROUP
LOAD c:/program files (x86)/atollic/truestudio for stm32 9.3.0/armtools/bin/../lib/gcc/arm-atollic-eabi/6.3.1/armv7e-m/fpu\libgcc.a
LOAD c:/program files (x86)/atollic/truestudio for stm32 9.3.0/armtools/bin/../lib/gcc/arm-atollic-eabi/6.3.1/../../../../arm-atollic-eabi/lib/armv7e-m/fpu\libc_nano.a
LOAD c:/program files (x86)/atollic/truestudio for stm32 9.3.0/armtools/bin/../lib/gcc/arm-atollic-eabi/6.3.1/../../../../arm-atollic-eabi/lib/armv7e-m/fpu\libnosys.a
END GROUP
LOAD c:/program files (x86)/atollic/truestudio for stm32 9.3.0/armtools/bin/../lib/gcc/arm-atollic-eabi/6.3.1/armv7e-m/fpu/crtend.o
LOAD c:/program files (x86)/atollic/truestudio for stm32 9.3.0/armtools/bin/../lib/gcc/arm-atollic-eabi/6.3.1/armv7e-m/fpu/crtn.o
                0x20030000                _estack = 0x20030000
                0x00000000                _Min_Heap_Size = 0x0
                0x00000400                _Min_Stack_Size = 0x400

.isr_vector     0x08000000      0x1ac
                0x08000000                . = ALIGN (0x4)
 *(.isr_vector)
 .isr_vector    0x08000000      0x1ac ./Libraries/System_stm32f4xx/src/startup_stm32f429x.o
                0x08000000                g_pfnVectors
                0x080001ac                . = ALIGN (0x4)

.text           0x080001ac      0x600
                0x080001ac                . = ALIGN (0x4)
 *(.text)
 .text          0x080001ac       0x40 c:/program files (x86)/atollic/truestudio for stm32 9.3.0/armtools/bin/../lib/gcc/arm-atollic-eabi/6.3.1/armv7e-m/fpu/crtbegin.o
 *(.text*)
 .text.NVIC_SetPriority
                0x080001ec       0x54 ./src/src/SysTick.o
 .text.SysTick_Config
                0x08000240       0x44 ./src/src/SysTick.o
 .text.SysTick_Init
                0x08000284       0x48 ./src/src/SysTick.o
                0x08000284                SysTick_Init
 .text.SysTick_Delay
                0x080002cc       0x30 ./src/src/SysTick.o
                0x080002cc                SysTick_Delay
 .text.GPIO_init_LED
                0x080002fc       0x90 ./src/src/gpio.o
                0x080002fc                GPIO_init_LED
 .text.GPIO_TurnON_LED
                0x0800038c       0x3c ./src/src/gpio.o
                0x0800038c                GPIO_TurnON_LED
 .text.GPIO_TurnOFF_LED
                0x080003c8       0x3c ./src/src/gpio.o
                0x080003c8                GPIO_TurnOFF_LED
 .text.main     0x08000404       0x2c ./src/main.o
                0x08000404                main
 .text.Reset_Handler
                0x08000430       0x50 ./Libraries/System_stm32f4xx/src/startup_stm32f429x.o
                0x08000430                Reset_Handler
 .text.Default_Handler
                0x08000480        0x2 ./Libraries/System_stm32f4xx/src/startup_stm32f429x.o
                0x08000480                RTC_Alarm_IRQHandler
                0x08000480                HASH_RNG_IRQHandler
                0x08000480                EXTI2_IRQHandler
                0x08000480                TIM8_CC_IRQHandler
                0x08000480                UART8_IRQHandler
                0x08000480                SPI4_IRQHandler
                0x08000480                TIM1_CC_IRQHandler
                0x08000480                DMA2_Stream5_IRQHandler
                0x08000480                DMA1_Stream5_IRQHandler
                0x08000480                PVD_IRQHandler
                0x08000480                SDIO_IRQHandler
                0x08000480                TAMP_STAMP_IRQHandler
                0x08000480                CAN2_RX1_IRQHandler
                0x08000480                EXTI3_IRQHandler
                0x08000480                TIM8_TRG_COM_TIM14_IRQHandler
                0x08000480                TIM1_UP_TIM10_IRQHandler
                0x08000480                TIM8_UP_TIM13_IRQHandler
                0x08000480                I2C3_ER_IRQHandler
                0x08000480                EXTI0_IRQHandler
                0x08000480                I2C2_EV_IRQHandler
                0x08000480                DMA1_Stream2_IRQHandler
                0x08000480                CAN1_RX0_IRQHandler
                0x08000480                FPU_IRQHandler
                0x08000480                OTG_HS_WKUP_IRQHandler
                0x08000480                LTDC_ER_IRQHandler
                0x08000480                CAN2_SCE_IRQHandler
                0x08000480                DMA2_Stream2_IRQHandler
                0x08000480                SPI1_IRQHandler
                0x08000480                TIM6_DAC_IRQHandler
                0x08000480                TIM1_BRK_TIM9_IRQHandler
                0x08000480                DCMI_IRQHandler
                0x08000480                CAN2_RX0_IRQHandler
                0x08000480                DMA2_Stream3_IRQHandler
                0x08000480                USART6_IRQHandler
                0x08000480                USART3_IRQHandler
                0x08000480                CRYP_IRQHandler
                0x08000480                CAN1_RX1_IRQHandler
                0x08000480                UART5_IRQHandler
                0x08000480                DMA2_Stream0_IRQHandler
                0x08000480                TIM4_IRQHandler
                0x08000480                I2C1_EV_IRQHandler
                0x08000480                DMA1_Stream6_IRQHandler
                0x08000480                DMA1_Stream1_IRQHandler
                0x08000480                UART4_IRQHandler
                0x08000480                TIM3_IRQHandler
                0x08000480                RCC_IRQHandler
                0x08000480                TIM8_BRK_TIM12_IRQHandler
                0x08000480                Default_Handler
                0x08000480                EXTI15_10_IRQHandler
                0x08000480                ADC_IRQHandler
                0x08000480                DMA1_Stream7_IRQHandler
                0x08000480                SPI5_IRQHandler
                0x08000480                TIM7_IRQHandler
                0x08000480                CAN2_TX_IRQHandler
                0x08000480                TIM5_IRQHandler
                0x08000480                DMA2_Stream7_IRQHandler
                0x08000480                I2C3_EV_IRQHandler
                0x08000480                EXTI9_5_IRQHandler
                0x08000480                RTC_WKUP_IRQHandler
                0x08000480                LTDC_IRQHandler
                0x08000480                ETH_WKUP_IRQHandler
                0x08000480                SPI2_IRQHandler
                0x08000480                OTG_HS_EP1_IN_IRQHandler
                0x08000480                DMA1_Stream0_IRQHandler
                0x08000480                CAN1_TX_IRQHandler
                0x08000480                EXTI4_IRQHandler
                0x08000480                ETH_IRQHandler
                0x08000480                OTG_HS_EP1_OUT_IRQHandler
                0x08000480                WWDG_IRQHandler
                0x08000480                SPI6_IRQHandler
                0x08000480                TIM2_IRQHandler
                0x08000480                OTG_FS_WKUP_IRQHandler
                0x08000480                TIM1_TRG_COM_TIM11_IRQHandler
                0x08000480                OTG_HS_IRQHandler
                0x08000480                DMA2D_IRQHandler
                0x08000480                EXTI1_IRQHandler
                0x08000480                UART7_IRQHandler
                0x08000480                USART2_IRQHandler
                0x08000480                I2C2_ER_IRQHandler
                0x08000480                DMA2_Stream1_IRQHandler
                0x08000480                CAN1_SCE_IRQHandler
                0x08000480                FLASH_IRQHandler
                0x08000480                DMA2_Stream4_IRQHandler
                0x08000480                USART1_IRQHandler
                0x08000480                OTG_FS_IRQHandler
                0x08000480                SPI3_IRQHandler
                0x08000480                DMA1_Stream4_IRQHandler
                0x08000480                I2C1_ER_IRQHandler
                0x08000480                FMC_IRQHandler
                0x08000480                DMA2_Stream6_IRQHandler
                0x08000480                SAI1_IRQHandler
                0x08000480                DMA1_Stream3_IRQHandler
 .text.NMI_Handler
                0x08000482        0xe ./Libraries/System_stm32f4xx/src/stm32f4xx_it.o
                0x08000482                NMI_Handler
 .text.HardFault_Handler
                0x08000490        0x6 ./Libraries/System_stm32f4xx/src/stm32f4xx_it.o
                0x08000490                HardFault_Handler
 .text.MemManage_Handler
                0x08000496        0x6 ./Libraries/System_stm32f4xx/src/stm32f4xx_it.o
                0x08000496                MemManage_Handler
 .text.BusFault_Handler
                0x0800049c        0x6 ./Libraries/System_stm32f4xx/src/stm32f4xx_it.o
                0x0800049c                BusFault_Handler
 .text.UsageFault_Handler
                0x080004a2        0x6 ./Libraries/System_stm32f4xx/src/stm32f4xx_it.o
                0x080004a2                UsageFault_Handler
 .text.SVC_Handler
                0x080004a8        0xe ./Libraries/System_stm32f4xx/src/stm32f4xx_it.o
                0x080004a8                SVC_Handler
 .text.DebugMon_Handler
                0x080004b6        0xe ./Libraries/System_stm32f4xx/src/stm32f4xx_it.o
                0x080004b6                DebugMon_Handler
 .text.PendSV_Handler
                0x080004c4        0xe ./Libraries/System_stm32f4xx/src/stm32f4xx_it.o
                0x080004c4                PendSV_Handler
 *fill*         0x080004d2        0x2 
 .text.SysTick_Handler
                0x080004d4       0x1c ./Libraries/System_stm32f4xx/src/stm32f4xx_it.o
                0x080004d4                SysTick_Handler
 .text.SystemInit
                0x080004f0       0x6c ./Libraries/System_stm32f4xx/src/system_stm32f4xx.o
                0x080004f0                SystemInit
 .text.SystemCoreClockUpdate
                0x0800055c       0xf8 ./Libraries/System_stm32f4xx/src/system_stm32f4xx.o
                0x0800055c                SystemCoreClockUpdate
 .text.SetSysClock
                0x08000654       0xf8 ./Libraries/System_stm32f4xx/src/system_stm32f4xx.o
 .text.__libc_init_array
                0x0800074c       0x48 c:/program files (x86)/atollic/truestudio for stm32 9.3.0/armtools/bin/../lib/gcc/arm-atollic-eabi/6.3.1/../../../../arm-atollic-eabi/lib/armv7e-m/fpu\libc_nano.a(lib_a-init.o)
                0x0800074c                __libc_init_array
 *(.glue_7)
 .glue_7        0x08000794        0x0 linker stubs
 *(.glue_7t)
 .glue_7t       0x08000794        0x0 linker stubs
 *(.eh_frame)
 .eh_frame      0x08000794        0x0 c:/program files (x86)/atollic/truestudio for stm32 9.3.0/armtools/bin/../lib/gcc/arm-atollic-eabi/6.3.1/armv7e-m/fpu/crtbegin.o
 *(.init)
 .init          0x08000794        0x4 c:/program files (x86)/atollic/truestudio for stm32 9.3.0/armtools/bin/../lib/gcc/arm-atollic-eabi/6.3.1/armv7e-m/fpu/crti.o
                0x08000794                _init
 .init          0x08000798        0x8 c:/program files (x86)/atollic/truestudio for stm32 9.3.0/armtools/bin/../lib/gcc/arm-atollic-eabi/6.3.1/armv7e-m/fpu/crtn.o
 *(.fini)
 .fini          0x080007a0        0x4 c:/program files (x86)/atollic/truestudio for stm32 9.3.0/armtools/bin/../lib/gcc/arm-atollic-eabi/6.3.1/armv7e-m/fpu/crti.o
                0x080007a0                _fini
 .fini          0x080007a4        0x8 c:/program files (x86)/atollic/truestudio for stm32 9.3.0/armtools/bin/../lib/gcc/arm-atollic-eabi/6.3.1/armv7e-m/fpu/crtn.o
                0x080007ac                . = ALIGN (0x4)
                0x080007ac                _etext = .

.vfp11_veneer   0x080007ac        0x0
 .vfp11_veneer  0x080007ac        0x0 linker stubs

.v4_bx          0x080007ac        0x0
 .v4_bx         0x080007ac        0x0 linker stubs

.iplt           0x080007ac        0x0
 .iplt          0x080007ac        0x0 c:/program files (x86)/atollic/truestudio for stm32 9.3.0/armtools/bin/../lib/gcc/arm-atollic-eabi/6.3.1/armv7e-m/fpu/crtbegin.o

.rel.dyn        0x080007ac        0x0
 .rel.iplt      0x080007ac        0x0 c:/program files (x86)/atollic/truestudio for stm32 9.3.0/armtools/bin/../lib/gcc/arm-atollic-eabi/6.3.1/armv7e-m/fpu/crtbegin.o

.rodata         0x080007ac        0x0
                0x080007ac                . = ALIGN (0x4)
 *(.rodata)
 *(.rodata*)
                0x080007ac                . = ALIGN (0x4)

.ARM.extab
 *(.ARM.extab* .gnu.linkonce.armextab.*)

.ARM            0x080007ac        0x0
                0x080007ac                __exidx_start = .
 *(.ARM.exidx*)
                0x080007ac                __exidx_end = .

.preinit_array  0x080007ac        0x0
                0x080007ac                PROVIDE (__preinit_array_start, .)
 *(.preinit_array*)
                0x080007ac                PROVIDE (__preinit_array_end, .)

.init_array     0x080007ac        0x4
                0x080007ac                PROVIDE (__init_array_start, .)
 *(SORT(.init_array.*))
 *(.init_array*)
 .init_array    0x080007ac        0x4 c:/program files (x86)/atollic/truestudio for stm32 9.3.0/armtools/bin/../lib/gcc/arm-atollic-eabi/6.3.1/armv7e-m/fpu/crtbegin.o
                0x080007b0                PROVIDE (__init_array_end, .)

.fini_array     0x080007b0        0x4
                [!provide]                PROVIDE (__fini_array_start, .)
 *(SORT(.fini_array.*))
 *(.fini_array*)
 .fini_array    0x080007b0        0x4 c:/program files (x86)/atollic/truestudio for stm32 9.3.0/armtools/bin/../lib/gcc/arm-atollic-eabi/6.3.1/armv7e-m/fpu/crtbegin.o
                [!provide]                PROVIDE (__fini_array_end, .)
                0x080007b4                _sidata = LOADADDR (.data)

.data           0x20000000       0x14 load address 0x080007b4
                0x20000000                . = ALIGN (0x4)
                0x20000000                _sdata = .
 *(.data)
 *(.data*)
 .data.SystemCoreClock
                0x20000000        0x4 ./Libraries/System_stm32f4xx/src/system_stm32f4xx.o
                0x20000000                SystemCoreClock
 .data.AHBPrescTable
                0x20000004       0x10 ./Libraries/System_stm32f4xx/src/system_stm32f4xx.o
                0x20000004                AHBPrescTable
                0x20000014                . = ALIGN (0x4)
                0x20000014                _edata = .
                0x080007c8                _siccmram = LOADADDR (.ccmram)

.igot.plt       0x20000014        0x0 load address 0x080007c8
 .igot.plt      0x20000014        0x0 c:/program files (x86)/atollic/truestudio for stm32 9.3.0/armtools/bin/../lib/gcc/arm-atollic-eabi/6.3.1/armv7e-m/fpu/crtbegin.o

.ccmram         0x10000000        0x0 load address 0x080007c8
                0x10000000                . = ALIGN (0x4)
                0x10000000                _sccmram = .
 *(.ccmram)
 *(.ccmram*)
                0x10000000                . = ALIGN (0x4)
                0x10000000                _eccmram = .
                0x10000000                . = ALIGN (0x4)

.bss            0x20000014       0x20
                0x20000014                _sbss = .
                0x20000014                __bss_start__ = _sbss
 *(.bss)
 .bss           0x20000014       0x1c c:/program files (x86)/atollic/truestudio for stm32 9.3.0/armtools/bin/../lib/gcc/arm-atollic-eabi/6.3.1/armv7e-m/fpu/crtbegin.o
 *(.bss*)
 *(COMMON)
 COMMON         0x20000030        0x4 ./src/src/SysTick.o
                0x20000030                SysTickCounter
                0x20000034                . = ALIGN (0x4)
                0x20000034                _ebss = .
                0x20000034                __bss_end__ = _ebss

._user_heap_stack
                0x20000034      0x400
                0x20000034                . = ALIGN (0x4)
                [!provide]                PROVIDE (end, .)
                [!provide]                PROVIDE (_end, .)
                0x20000034                . = (. + _Min_Heap_Size)
                0x20000434                . = (. + _Min_Stack_Size)
 *fill*         0x20000034      0x400 
                0x20000434                . = ALIGN (0x4)

.memory_b1_text
 *(.mb1text)
 *(.mb1text*)
 *(.mb1rodata)
 *(.mb1rodata*)

/DISCARD/
 libc.a(*)
 libm.a(*)
 libgcc.a(*)

.ARM.attributes
                0x00000000       0x30
 *(.ARM.attributes)
 .ARM.attributes
                0x00000000       0x22 c:/program files (x86)/atollic/truestudio for stm32 9.3.0/armtools/bin/../lib/gcc/arm-atollic-eabi/6.3.1/armv7e-m/fpu/crti.o
 .ARM.attributes
                0x00000022       0x34 c:/program files (x86)/atollic/truestudio for stm32 9.3.0/armtools/bin/../lib/gcc/arm-atollic-eabi/6.3.1/armv7e-m/fpu/crtbegin.o
 .ARM.attributes
                0x00000056       0x39 ./src/src/SysTick.o
 .ARM.attributes
                0x0000008f       0x39 ./src/src/gpio.o
 .ARM.attributes
                0x000000c8       0x39 ./src/main.o
 .ARM.attributes
                0x00000101       0x21 ./Libraries/System_stm32f4xx/src/startup_stm32f429x.o
 .ARM.attributes
                0x00000122       0x39 ./Libraries/System_stm32f4xx/src/stm32f4xx_it.o
 .ARM.attributes
                0x0000015b       0x39 ./Libraries/System_stm32f4xx/src/system_stm32f4xx.o
 .ARM.attributes
                0x00000194       0x34 c:/program files (x86)/atollic/truestudio for stm32 9.3.0/armtools/bin/../lib/gcc/arm-atollic-eabi/6.3.1/../../../../arm-atollic-eabi/lib/armv7e-m/fpu\libc_nano.a(lib_a-init.o)
 .ARM.attributes
                0x000001c8       0x22 c:/program files (x86)/atollic/truestudio for stm32 9.3.0/armtools/bin/../lib/gcc/arm-atollic-eabi/6.3.1/armv7e-m/fpu/crtn.o
OUTPUT(Discovery.elf elf32-littlearm)

.debug_info     0x00000000     0x1480
 .debug_info    0x00000000      0x73e ./src/src/SysTick.o
 .debug_info    0x0000073e      0x446 ./src/src/gpio.o
 .debug_info    0x00000b84      0x10b ./src/main.o
 .debug_info    0x00000c8f       0xa2 ./Libraries/System_stm32f4xx/src/startup_stm32f429x.o
 .debug_info    0x00000d31      0x15f ./Libraries/System_stm32f4xx/src/stm32f4xx_it.o
 .debug_info    0x00000e90      0x5f0 ./Libraries/System_stm32f4xx/src/system_stm32f4xx.o

.debug_abbrev   0x00000000      0x535
 .debug_abbrev  0x00000000      0x1dc ./src/src/SysTick.o
 .debug_abbrev  0x000001dc       0xf2 ./src/src/gpio.o
 .debug_abbrev  0x000002ce       0xa3 ./src/main.o
 .debug_abbrev  0x00000371       0x12 ./Libraries/System_stm32f4xx/src/startup_stm32f429x.o
 .debug_abbrev  0x00000383       0x78 ./Libraries/System_stm32f4xx/src/stm32f4xx_it.o
 .debug_abbrev  0x000003fb      0x13a ./Libraries/System_stm32f4xx/src/system_stm32f4xx.o

.debug_aranges  0x00000000      0x150
 .debug_aranges
                0x00000000       0x48 ./src/src/SysTick.o
 .debug_aranges
                0x00000048       0x30 ./src/src/gpio.o
 .debug_aranges
                0x00000078       0x20 ./src/main.o
 .debug_aranges
                0x00000098       0x28 ./Libraries/System_stm32f4xx/src/startup_stm32f429x.o
 .debug_aranges
                0x000000c0       0x60 ./Libraries/System_stm32f4xx/src/stm32f4xx_it.o
 .debug_aranges
                0x00000120       0x30 ./Libraries/System_stm32f4xx/src/system_stm32f4xx.o

.debug_ranges   0x00000000       0xf8
 .debug_ranges  0x00000000       0x38 ./src/src/SysTick.o
 .debug_ranges  0x00000038       0x20 ./src/src/gpio.o
 .debug_ranges  0x00000058       0x10 ./src/main.o
 .debug_ranges  0x00000068       0x20 ./Libraries/System_stm32f4xx/src/startup_stm32f429x.o
 .debug_ranges  0x00000088       0x50 ./Libraries/System_stm32f4xx/src/stm32f4xx_it.o
 .debug_ranges  0x000000d8       0x20 ./Libraries/System_stm32f4xx/src/system_stm32f4xx.o

.debug_line     0x00000000      0xc06
 .debug_line    0x00000000      0x26f ./src/src/SysTick.o
 .debug_line    0x0000026f      0x25b ./src/src/gpio.o
 .debug_line    0x000004ca      0x241 ./src/main.o
 .debug_line    0x0000070b       0x95 ./Libraries/System_stm32f4xx/src/startup_stm32f429x.o
 .debug_line    0x000007a0      0x243 ./Libraries/System_stm32f4xx/src/stm32f4xx_it.o
 .debug_line    0x000009e3      0x223 ./Libraries/System_stm32f4xx/src/system_stm32f4xx.o

.debug_str      0x00000000      0xc1e
 .debug_str     0x00000000      0x89e ./src/src/SysTick.o
                                0x8f0 (size before relaxing)
 .debug_str     0x0000089e      0x1d3 ./src/src/gpio.o
                                0x3e1 (size before relaxing)
 .debug_str     0x00000a71       0x13 ./src/main.o
                                0x241 (size before relaxing)
 .debug_str     0x00000a84       0xc1 ./Libraries/System_stm32f4xx/src/stm32f4xx_it.o
                                0x29e (size before relaxing)
 .debug_str     0x00000b45       0xd9 ./Libraries/System_stm32f4xx/src/system_stm32f4xx.o
                                0x445 (size before relaxing)

.comment        0x00000000       0x7c
 .comment       0x00000000       0x7c ./src/src/SysTick.o
                                 0x7d (size before relaxing)
 .comment       0x0000007c       0x7d ./src/src/gpio.o
 .comment       0x0000007c       0x7d ./src/main.o
 .comment       0x0000007c       0x7d ./Libraries/System_stm32f4xx/src/stm32f4xx_it.o
 .comment       0x0000007c       0x7d ./Libraries/System_stm32f4xx/src/system_stm32f4xx.o

.debug_frame    0x00000000      0x354
 .debug_frame   0x00000000       0xe8 ./src/src/SysTick.o
 .debug_frame   0x000000e8       0x88 ./src/src/gpio.o
 .debug_frame   0x00000170       0x2c ./src/main.o
 .debug_frame   0x0000019c      0x110 ./Libraries/System_stm32f4xx/src/stm32f4xx_it.o
 .debug_frame   0x000002ac       0x7c ./Libraries/System_stm32f4xx/src/system_stm32f4xx.o
 .debug_frame   0x00000328       0x2c c:/program files (x86)/atollic/truestudio for stm32 9.3.0/armtools/bin/../lib/gcc/arm-atollic-eabi/6.3.1/../../../../arm-atollic-eabi/lib/armv7e-m/fpu\libc_nano.a(lib_a-init.o)

Cross Reference Table

Symbol                                            File
ADC_IRQHandler                                    ./Libraries/System_stm32f4xx/src/startup_stm32f429x.o
AHBPrescTable                                     ./Libraries/System_stm32f4xx/src/system_stm32f4xx.o
BusFault_Handler                                  ./Libraries/System_stm32f4xx/src/stm32f4xx_it.o
                                                  ./Libraries/System_stm32f4xx/src/startup_stm32f429x.o
CAN1_RX0_IRQHandler                               ./Libraries/System_stm32f4xx/src/startup_stm32f429x.o
CAN1_RX1_IRQHandler                               ./Libraries/System_stm32f4xx/src/startup_stm32f429x.o
CAN1_SCE_IRQHandler                               ./Libraries/System_stm32f4xx/src/startup_stm32f429x.o
CAN1_TX_IRQHandler                                ./Libraries/System_stm32f4xx/src/startup_stm32f429x.o
CAN2_RX0_IRQHandler                               ./Libraries/System_stm32f4xx/src/startup_stm32f429x.o
CAN2_RX1_IRQHandler                               ./Libraries/System_stm32f4xx/src/startup_stm32f429x.o
CAN2_SCE_IRQHandler                               ./Libraries/System_stm32f4xx/src/startup_stm32f429x.o
CAN2_TX_IRQHandler                                ./Libraries/System_stm32f4xx/src/startup_stm32f429x.o
CRYP_IRQHandler                                   ./Libraries/System_stm32f4xx/src/startup_stm32f429x.o
DCMI_IRQHandler                                   ./Libraries/System_stm32f4xx/src/startup_stm32f429x.o
DMA1_Stream0_IRQHandler                           ./Libraries/System_stm32f4xx/src/startup_stm32f429x.o
DMA1_Stream1_IRQHandler                           ./Libraries/System_stm32f4xx/src/startup_stm32f429x.o
DMA1_Stream2_IRQHandler                           ./Libraries/System_stm32f4xx/src/startup_stm32f429x.o
DMA1_Stream3_IRQHandler                           ./Libraries/System_stm32f4xx/src/startup_stm32f429x.o
DMA1_Stream4_IRQHandler                           ./Libraries/System_stm32f4xx/src/startup_stm32f429x.o
DMA1_Stream5_IRQHandler                           ./Libraries/System_stm32f4xx/src/startup_stm32f429x.o
DMA1_Stream6_IRQHandler                           ./Libraries/System_stm32f4xx/src/startup_stm32f429x.o
DMA1_Stream7_IRQHandler                           ./Libraries/System_stm32f4xx/src/startup_stm32f429x.o
DMA2D_IRQHandler                                  ./Libraries/System_stm32f4xx/src/startup_stm32f429x.o
DMA2_Stream0_IRQHandler                           ./Libraries/System_stm32f4xx/src/startup_stm32f429x.o
DMA2_Stream1_IRQHandler                           ./Libraries/System_stm32f4xx/src/startup_stm32f429x.o
DMA2_Stream2_IRQHandler                           ./Libraries/System_stm32f4xx/src/startup_stm32f429x.o
DMA2_Stream3_IRQHandler                           ./Libraries/System_stm32f4xx/src/startup_stm32f429x.o
DMA2_Stream4_IRQHandler                           ./Libraries/System_stm32f4xx/src/startup_stm32f429x.o
DMA2_Stream5_IRQHandler                           ./Libraries/System_stm32f4xx/src/startup_stm32f429x.o
DMA2_Stream6_IRQHandler                           ./Libraries/System_stm32f4xx/src/startup_stm32f429x.o
DMA2_Stream7_IRQHandler                           ./Libraries/System_stm32f4xx/src/startup_stm32f429x.o
DebugMon_Handler                                  ./Libraries/System_stm32f4xx/src/stm32f4xx_it.o
                                                  ./Libraries/System_stm32f4xx/src/startup_stm32f429x.o
Default_Handler                                   ./Libraries/System_stm32f4xx/src/startup_stm32f429x.o
ETH_IRQHandler                                    ./Libraries/System_stm32f4xx/src/startup_stm32f429x.o
ETH_WKUP_IRQHandler                               ./Libraries/System_stm32f4xx/src/startup_stm32f429x.o
EXTI0_IRQHandler                                  ./Libraries/System_stm32f4xx/src/startup_stm32f429x.o
EXTI15_10_IRQHandler                              ./Libraries/System_stm32f4xx/src/startup_stm32f429x.o
EXTI1_IRQHandler                                  ./Libraries/System_stm32f4xx/src/startup_stm32f429x.o
EXTI2_IRQHandler                                  ./Libraries/System_stm32f4xx/src/startup_stm32f429x.o
EXTI3_IRQHandler                                  ./Libraries/System_stm32f4xx/src/startup_stm32f429x.o
EXTI4_IRQHandler                                  ./Libraries/System_stm32f4xx/src/startup_stm32f429x.o
EXTI9_5_IRQHandler                                ./Libraries/System_stm32f4xx/src/startup_stm32f429x.o
FLASH_IRQHandler                                  ./Libraries/System_stm32f4xx/src/startup_stm32f429x.o
FMC_IRQHandler                                    ./Libraries/System_stm32f4xx/src/startup_stm32f429x.o
FPU_IRQHandler                                    ./Libraries/System_stm32f4xx/src/startup_stm32f429x.o
GPIO_TurnOFF_LED                                  ./src/src/gpio.o
                                                  ./src/main.o
GPIO_TurnON_LED                                   ./src/src/gpio.o
                                                  ./src/main.o
GPIO_init_LED                                     ./src/src/gpio.o
                                                  ./src/main.o
HASH_RNG_IRQHandler                               ./Libraries/System_stm32f4xx/src/startup_stm32f429x.o
HardFault_Handler                                 ./Libraries/System_stm32f4xx/src/stm32f4xx_it.o
                                                  ./Libraries/System_stm32f4xx/src/startup_stm32f429x.o
I2C1_ER_IRQHandler                                ./Libraries/System_stm32f4xx/src/startup_stm32f429x.o
I2C1_EV_IRQHandler                                ./Libraries/System_stm32f4xx/src/startup_stm32f429x.o
I2C2_ER_IRQHandler                                ./Libraries/System_stm32f4xx/src/startup_stm32f429x.o
I2C2_EV_IRQHandler                                ./Libraries/System_stm32f4xx/src/startup_stm32f429x.o
I2C3_ER_IRQHandler                                ./Libraries/System_stm32f4xx/src/startup_stm32f429x.o
I2C3_EV_IRQHandler                                ./Libraries/System_stm32f4xx/src/startup_stm32f429x.o
LTDC_ER_IRQHandler                                ./Libraries/System_stm32f4xx/src/startup_stm32f429x.o
LTDC_IRQHandler                                   ./Libraries/System_stm32f4xx/src/startup_stm32f429x.o
MemManage_Handler                                 ./Libraries/System_stm32f4xx/src/stm32f4xx_it.o
                                                  ./Libraries/System_stm32f4xx/src/startup_stm32f429x.o
NMI_Handler                                       ./Libraries/System_stm32f4xx/src/stm32f4xx_it.o
                                                  ./Libraries/System_stm32f4xx/src/startup_stm32f429x.o
OTG_FS_IRQHandler                                 ./Libraries/System_stm32f4xx/src/startup_stm32f429x.o
OTG_FS_WKUP_IRQHandler                            ./Libraries/System_stm32f4xx/src/startup_stm32f429x.o
OTG_HS_EP1_IN_IRQHandler                          ./Libraries/System_stm32f4xx/src/startup_stm32f429x.o
OTG_HS_EP1_OUT_IRQHandler                         ./Libraries/System_stm32f4xx/src/startup_stm32f429x.o
OTG_HS_IRQHandler                                 ./Libraries/System_stm32f4xx/src/startup_stm32f429x.o
OTG_HS_WKUP_IRQHandler                            ./Libraries/System_stm32f4xx/src/startup_stm32f429x.o
PVD_IRQHandler                                    ./Libraries/System_stm32f4xx/src/startup_stm32f429x.o
PendSV_Handler                                    ./Libraries/System_stm32f4xx/src/stm32f4xx_it.o
                                                  ./Libraries/System_stm32f4xx/src/startup_stm32f429x.o
RCC_IRQHandler                                    ./Libraries/System_stm32f4xx/src/startup_stm32f429x.o
RTC_Alarm_IRQHandler                              ./Libraries/System_stm32f4xx/src/startup_stm32f429x.o
RTC_WKUP_IRQHandler                               ./Libraries/System_stm32f4xx/src/startup_stm32f429x.o
Reset_Handler                                     ./Libraries/System_stm32f4xx/src/startup_stm32f429x.o
SAI1_IRQHandler                                   ./Libraries/System_stm32f4xx/src/startup_stm32f429x.o
SDIO_IRQHandler                                   ./Libraries/System_stm32f4xx/src/startup_stm32f429x.o
SPI1_IRQHandler                                   ./Libraries/System_stm32f4xx/src/startup_stm32f429x.o
SPI2_IRQHandler                                   ./Libraries/System_stm32f4xx/src/startup_stm32f429x.o
SPI3_IRQHandler                                   ./Libraries/System_stm32f4xx/src/startup_stm32f429x.o
SPI4_IRQHandler                                   ./Libraries/System_stm32f4xx/src/startup_stm32f429x.o
SPI5_IRQHandler                                   ./Libraries/System_stm32f4xx/src/startup_stm32f429x.o
SPI6_IRQHandler                                   ./Libraries/System_stm32f4xx/src/startup_stm32f429x.o
SVC_Handler                                       ./Libraries/System_stm32f4xx/src/stm32f4xx_it.o
                                                  ./Libraries/System_stm32f4xx/src/startup_stm32f429x.o
SysTickCounter                                    ./Libraries/System_stm32f4xx/src/stm32f4xx_it.o
                                                  ./src/main.o
                                                  ./src/src/SysTick.o
SysTick_Delay                                     ./src/src/SysTick.o
                                                  ./src/main.o
SysTick_GetCurrentTick                            ./src/src/SysTick.o
SysTick_Handler                                   ./Libraries/System_stm32f4xx/src/stm32f4xx_it.o
                                                  ./Libraries/System_stm32f4xx/src/startup_stm32f429x.o
SysTick_IncrementTicks_cb                         ./src/src/SysTick.o
SysTick_Init                                      ./src/src/SysTick.o
                                                  ./src/main.o
SystemCoreClock                                   ./Libraries/System_stm32f4xx/src/system_stm32f4xx.o
                                                  ./src/src/SysTick.o
SystemCoreClockUpdate                             ./Libraries/System_stm32f4xx/src/system_stm32f4xx.o
                                                  ./src/src/SysTick.o
SystemInit                                        ./Libraries/System_stm32f4xx/src/system_stm32f4xx.o
                                                  ./Libraries/System_stm32f4xx/src/startup_stm32f429x.o
TAMP_STAMP_IRQHandler                             ./Libraries/System_stm32f4xx/src/startup_stm32f429x.o
TIM1_BRK_TIM9_IRQHandler                          ./Libraries/System_stm32f4xx/src/startup_stm32f429x.o
TIM1_CC_IRQHandler                                ./Libraries/System_stm32f4xx/src/startup_stm32f429x.o
TIM1_TRG_COM_TIM11_IRQHandler                     ./Libraries/System_stm32f4xx/src/startup_stm32f429x.o
TIM1_UP_TIM10_IRQHandler                          ./Libraries/System_stm32f4xx/src/startup_stm32f429x.o
TIM2_IRQHandler                                   ./Libraries/System_stm32f4xx/src/startup_stm32f429x.o
TIM3_IRQHandler                                   ./Libraries/System_stm32f4xx/src/startup_stm32f429x.o
TIM4_IRQHandler                                   ./Libraries/System_stm32f4xx/src/startup_stm32f429x.o
TIM5_IRQHandler                                   ./Libraries/System_stm32f4xx/src/startup_stm32f429x.o
TIM6_DAC_IRQHandler                               ./Libraries/System_stm32f4xx/src/startup_stm32f429x.o
TIM7_IRQHandler                                   ./Libraries/System_stm32f4xx/src/startup_stm32f429x.o
TIM8_BRK_TIM12_IRQHandler                         ./Libraries/System_stm32f4xx/src/startup_stm32f429x.o
TIM8_CC_IRQHandler                                ./Libraries/System_stm32f4xx/src/startup_stm32f429x.o
TIM8_TRG_COM_TIM14_IRQHandler                     ./Libraries/System_stm32f4xx/src/startup_stm32f429x.o
TIM8_UP_TIM13_IRQHandler                          ./Libraries/System_stm32f4xx/src/startup_stm32f429x.o
UART4_IRQHandler                                  ./Libraries/System_stm32f4xx/src/startup_stm32f429x.o
UART5_IRQHandler                                  ./Libraries/System_stm32f4xx/src/startup_stm32f429x.o
UART7_IRQHandler                                  ./Libraries/System_stm32f4xx/src/startup_stm32f429x.o
UART8_IRQHandler                                  ./Libraries/System_stm32f4xx/src/startup_stm32f429x.o
USART1_IRQHandler                                 ./Libraries/System_stm32f4xx/src/startup_stm32f429x.o
USART2_IRQHandler                                 ./Libraries/System_stm32f4xx/src/startup_stm32f429x.o
USART3_IRQHandler                                 ./Libraries/System_stm32f4xx/src/startup_stm32f429x.o
USART6_IRQHandler                                 ./Libraries/System_stm32f4xx/src/startup_stm32f429x.o
UsageFault_Handler                                ./Libraries/System_stm32f4xx/src/stm32f4xx_it.o
                                                  ./Libraries/System_stm32f4xx/src/startup_stm32f429x.o
WWDG_IRQHandler                                   ./Libraries/System_stm32f4xx/src/startup_stm32f429x.o
__deregister_frame_info                           c:/program files (x86)/atollic/truestudio for stm32 9.3.0/armtools/bin/../lib/gcc/arm-atollic-eabi/6.3.1/armv7e-m/fpu/crtbegin.o
__dso_handle                                      c:/program files (x86)/atollic/truestudio for stm32 9.3.0/armtools/bin/../lib/gcc/arm-atollic-eabi/6.3.1/armv7e-m/fpu/crtbegin.o
__init_array_end                                  c:/program files (x86)/atollic/truestudio for stm32 9.3.0/armtools/bin/../lib/gcc/arm-atollic-eabi/6.3.1/../../../../arm-atollic-eabi/lib/armv7e-m/fpu\libc_nano.a(lib_a-init.o)
__init_array_start                                c:/program files (x86)/atollic/truestudio for stm32 9.3.0/armtools/bin/../lib/gcc/arm-atollic-eabi/6.3.1/../../../../arm-atollic-eabi/lib/armv7e-m/fpu\libc_nano.a(lib_a-init.o)
__libc_init_array                                 c:/program files (x86)/atollic/truestudio for stm32 9.3.0/armtools/bin/../lib/gcc/arm-atollic-eabi/6.3.1/../../../../arm-atollic-eabi/lib/armv7e-m/fpu\libc_nano.a(lib_a-init.o)
                                                  ./Libraries/System_stm32f4xx/src/startup_stm32f429x.o
__preinit_array_end                               c:/program files (x86)/atollic/truestudio for stm32 9.3.0/armtools/bin/../lib/gcc/arm-atollic-eabi/6.3.1/../../../../arm-atollic-eabi/lib/armv7e-m/fpu\libc_nano.a(lib_a-init.o)
__preinit_array_start                             c:/program files (x86)/atollic/truestudio for stm32 9.3.0/armtools/bin/../lib/gcc/arm-atollic-eabi/6.3.1/../../../../arm-atollic-eabi/lib/armv7e-m/fpu\libc_nano.a(lib_a-init.o)
__register_frame_info                             c:/program files (x86)/atollic/truestudio for stm32 9.3.0/armtools/bin/../lib/gcc/arm-atollic-eabi/6.3.1/armv7e-m/fpu/crtbegin.o
_ebss                                             ./Libraries/System_stm32f4xx/src/startup_stm32f429x.o
_edata                                            ./Libraries/System_stm32f4xx/src/startup_stm32f429x.o
_estack                                           ./Libraries/System_stm32f4xx/src/startup_stm32f429x.o
_fini                                             c:/program files (x86)/atollic/truestudio for stm32 9.3.0/armtools/bin/../lib/gcc/arm-atollic-eabi/6.3.1/armv7e-m/fpu/crti.o
_init                                             c:/program files (x86)/atollic/truestudio for stm32 9.3.0/armtools/bin/../lib/gcc/arm-atollic-eabi/6.3.1/armv7e-m/fpu/crti.o
                                                  c:/program files (x86)/atollic/truestudio for stm32 9.3.0/armtools/bin/../lib/gcc/arm-atollic-eabi/6.3.1/../../../../arm-atollic-eabi/lib/armv7e-m/fpu\libc_nano.a(lib_a-init.o)
_sbss                                             ./Libraries/System_stm32f4xx/src/startup_stm32f429x.o
_sdata                                            ./Libraries/System_stm32f4xx/src/startup_stm32f429x.o
_sidata                                           ./Libraries/System_stm32f4xx/src/startup_stm32f429x.o
g_pfnVectors                                      ./Libraries/System_stm32f4xx/src/startup_stm32f429x.o
main                                              ./src/main.o
                                                  ./Libraries/System_stm32f4xx/src/startup_stm32f429x.o
