Archive member included to satisfy reference by file (symbol)

c:/program files (x86)/atollic/truestudio for stm32 9.3.0/armtools/bin/../lib/gcc/arm-atollic-eabi/6.3.1/../../../../arm-atollic-eabi/lib/armv7e-m/fpu\libc_nano.a(lib_a-init.o)
                              ./Libraries/System_stm32f4xx/src/startup_stm32f429x.o (__libc_init_array)

Allocating common symbols
Common symbol       size              file

SysTickCounter      0x4               ./src/src/SysTick.o
MyIRQs              0x1               ./src/src/irq.o

Discarded input sections

 .text          0x00000000        0x0 c:/program files (x86)/atollic/truestudio for stm32 9.3.0/armtools/bin/../lib/gcc/arm-atollic-eabi/6.3.1/armv7e-m/fpu/crti.o
 .data          0x00000000        0x0 c:/program files (x86)/atollic/truestudio for stm32 9.3.0/armtools/bin/../lib/gcc/arm-atollic-eabi/6.3.1/armv7e-m/fpu/crti.o
 .bss           0x00000000        0x0 c:/program files (x86)/atollic/truestudio for stm32 9.3.0/armtools/bin/../lib/gcc/arm-atollic-eabi/6.3.1/armv7e-m/fpu/crti.o
 .data          0x00000000        0x4 c:/program files (x86)/atollic/truestudio for stm32 9.3.0/armtools/bin/../lib/gcc/arm-atollic-eabi/6.3.1/armv7e-m/fpu/crtbegin.o
 .text          0x00000000        0x0 ./src/src/SysTick.o
 .data          0x00000000        0x0 ./src/src/SysTick.o
 .bss           0x00000000        0x0 ./src/src/SysTick.o
 .text.SysTick_IncrementTicks_cb
                0x00000000       0x1c ./src/src/SysTick.o
 .text.SysTick_GetCurrentTick
                0x00000000       0x18 ./src/src/SysTick.o
 .text          0x00000000        0x0 ./src/src/dma.o
 .data          0x00000000        0x0 ./src/src/dma.o
 .bss           0x00000000        0x0 ./src/src/dma.o
 .text.DMA2_Stream0_Init
                0x00000000       0xb4 ./src/src/dma.o
 .text.DMA2_Stream0_Set_Addresses
                0x00000000       0x30 ./src/src/dma.o
 .text.DMA2_Stream0_Enable
                0x00000000       0x28 ./src/src/dma.o
 .debug_info    0x00000000      0x39a ./src/src/dma.o
 .debug_abbrev  0x00000000       0xf7 ./src/src/dma.o
 .debug_aranges
                0x00000000       0x30 ./src/src/dma.o
 .debug_ranges  0x00000000       0x20 ./src/src/dma.o
 .debug_line    0x00000000      0x1f4 ./src/src/dma.o
 .debug_str     0x00000000      0x372 ./src/src/dma.o
 .comment       0x00000000       0x7d ./src/src/dma.o
 .debug_frame   0x00000000       0x78 ./src/src/dma.o
 .ARM.attributes
                0x00000000       0x39 ./src/src/dma.o
 .text          0x00000000        0x0 ./src/src/exti.o
 .data          0x00000000        0x0 ./src/src/exti.o
 .bss           0x00000000        0x0 ./src/src/exti.o
 .text.EXTI_Init_PB
                0x00000000       0x60 ./src/src/exti.o
 .debug_info    0x00000000      0x370 ./src/src/exti.o
 .debug_abbrev  0x00000000       0xaf ./src/src/exti.o
 .debug_aranges
                0x00000000       0x20 ./src/src/exti.o
 .debug_ranges  0x00000000       0x10 ./src/src/exti.o
 .debug_line    0x00000000      0x1c8 ./src/src/exti.o
 .debug_str     0x00000000      0x35d ./src/src/exti.o
 .comment       0x00000000       0x7d ./src/src/exti.o
 .debug_frame   0x00000000       0x30 ./src/src/exti.o
 .ARM.attributes
                0x00000000       0x39 ./src/src/exti.o
 .text          0x00000000        0x0 ./src/src/gpio.o
 .data          0x00000000        0x0 ./src/src/gpio.o
 .bss           0x00000000        0x0 ./src/src/gpio.o
 .text.GPIO_Init_PB
                0x00000000       0x3c ./src/src/gpio.o
 .text          0x00000000        0x0 ./src/src/irq.o
 .data          0x00000000        0x0 ./src/src/irq.o
 .bss           0x00000000        0x0 ./src/src/irq.o
 .text.NVIC_SetPriorityGrouping
                0x00000000       0x48 ./src/src/irq.o
 .text.NVIC_EnableIRQ
                0x00000000       0x34 ./src/src/irq.o
 .text.NVIC_SetPriority
                0x00000000       0x54 ./src/src/irq.o
 .text.IRQ_Init
                0x00000000       0x46 ./src/src/irq.o
 .debug_info    0x00000000      0x6e7 ./src/src/irq.o
 .debug_abbrev  0x00000000      0x16c ./src/src/irq.o
 .debug_aranges
                0x00000000       0x38 ./src/src/irq.o
 .debug_ranges  0x00000000       0x28 ./src/src/irq.o
 .debug_line    0x00000000      0x260 ./src/src/irq.o
 .debug_str     0x00000000      0x8dd ./src/src/irq.o
 .comment       0x00000000       0x7d ./src/src/irq.o
 .debug_frame   0x00000000       0xa4 ./src/src/irq.o
 .ARM.attributes
                0x00000000       0x39 ./src/src/irq.o
 COMMON         0x00000000        0x1 ./src/src/irq.o
 .text          0x00000000        0x0 ./src/src/memcpy.o
 .data          0x00000000        0x0 ./src/src/memcpy.o
 .bss           0x00000000        0x0 ./src/src/memcpy.o
 .text.memcpy32
                0x00000000       0x56 ./src/src/memcpy.o
 .debug_info    0x00000000      0x128 ./src/src/memcpy.o
 .debug_abbrev  0x00000000       0xb1 ./src/src/memcpy.o
 .debug_aranges
                0x00000000       0x20 ./src/src/memcpy.o
 .debug_ranges  0x00000000       0x10 ./src/src/memcpy.o
 .debug_line    0x00000000      0x192 ./src/src/memcpy.o
 .debug_str     0x00000000      0x21f ./src/src/memcpy.o
 .comment       0x00000000       0x7d ./src/src/memcpy.o
 .debug_frame   0x00000000       0x38 ./src/src/memcpy.o
 .ARM.attributes
                0x00000000       0x39 ./src/src/memcpy.o
 .text          0x00000000        0x0 ./src/src/nvic.o
 .data          0x00000000        0x0 ./src/src/nvic.o
 .bss           0x00000000        0x0 ./src/src/nvic.o
 .text          0x00000000        0x0 ./src/src/usart1.o
 .data          0x00000000        0x0 ./src/src/usart1.o
 .bss           0x00000000        0x0 ./src/src/usart1.o
 .text          0x00000000        0x0 ./src/main.o
 .data          0x00000000        0x0 ./src/main.o
 .bss           0x00000000        0x0 ./src/main.o
 .text          0x00000000       0x14 ./Libraries/System_stm32f4xx/src/startup_stm32f429x.o
 .data          0x00000000        0x0 ./Libraries/System_stm32f4xx/src/startup_stm32f429x.o
 .bss           0x00000000        0x0 ./Libraries/System_stm32f4xx/src/startup_stm32f429x.o
 .text          0x00000000        0x0 ./Libraries/System_stm32f4xx/src/stm32f4xx_it.o
 .data          0x00000000        0x0 ./Libraries/System_stm32f4xx/src/stm32f4xx_it.o
 .bss           0x00000000        0x0 ./Libraries/System_stm32f4xx/src/stm32f4xx_it.o
 .text          0x00000000        0x0 ./Libraries/System_stm32f4xx/src/system_stm32f4xx.o
 .data          0x00000000        0x0 ./Libraries/System_stm32f4xx/src/system_stm32f4xx.o
 .bss           0x00000000        0x0 ./Libraries/System_stm32f4xx/src/system_stm32f4xx.o
 .text          0x00000000        0x0 c:/program files (x86)/atollic/truestudio for stm32 9.3.0/armtools/bin/../lib/gcc/arm-atollic-eabi/6.3.1/../../../../arm-atollic-eabi/lib/armv7e-m/fpu\libc_nano.a(lib_a-init.o)
 .data          0x00000000        0x0 c:/program files (x86)/atollic/truestudio for stm32 9.3.0/armtools/bin/../lib/gcc/arm-atollic-eabi/6.3.1/../../../../arm-atollic-eabi/lib/armv7e-m/fpu\libc_nano.a(lib_a-init.o)
 .bss           0x00000000        0x0 c:/program files (x86)/atollic/truestudio for stm32 9.3.0/armtools/bin/../lib/gcc/arm-atollic-eabi/6.3.1/../../../../arm-atollic-eabi/lib/armv7e-m/fpu\libc_nano.a(lib_a-init.o)
 .text          0x00000000        0x0 c:/program files (x86)/atollic/truestudio for stm32 9.3.0/armtools/bin/../lib/gcc/arm-atollic-eabi/6.3.1/armv7e-m/fpu/crtend.o
 .data          0x00000000        0x0 c:/program files (x86)/atollic/truestudio for stm32 9.3.0/armtools/bin/../lib/gcc/arm-atollic-eabi/6.3.1/armv7e-m/fpu/crtend.o
 .bss           0x00000000        0x0 c:/program files (x86)/atollic/truestudio for stm32 9.3.0/armtools/bin/../lib/gcc/arm-atollic-eabi/6.3.1/armv7e-m/fpu/crtend.o
 .eh_frame      0x00000000        0x4 c:/program files (x86)/atollic/truestudio for stm32 9.3.0/armtools/bin/../lib/gcc/arm-atollic-eabi/6.3.1/armv7e-m/fpu/crtend.o
 .ARM.attributes
                0x00000000       0x34 c:/program files (x86)/atollic/truestudio for stm32 9.3.0/armtools/bin/../lib/gcc/arm-atollic-eabi/6.3.1/armv7e-m/fpu/crtend.o
 .text          0x00000000        0x0 c:/program files (x86)/atollic/truestudio for stm32 9.3.0/armtools/bin/../lib/gcc/arm-atollic-eabi/6.3.1/armv7e-m/fpu/crtn.o
 .data          0x00000000        0x0 c:/program files (x86)/atollic/truestudio for stm32 9.3.0/armtools/bin/../lib/gcc/arm-atollic-eabi/6.3.1/armv7e-m/fpu/crtn.o
 .bss           0x00000000        0x0 c:/program files (x86)/atollic/truestudio for stm32 9.3.0/armtools/bin/../lib/gcc/arm-atollic-eabi/6.3.1/armv7e-m/fpu/crtn.o

Memory Configuration

Name             Origin             Length             Attributes
FLASH            0x08000000         0x00200000         xr
RAM              0x20000000         0x00030000         xrw
MEMORY_B1        0x60000000         0x00000000         xr
CCMRAM           0x10000000         0x00010000         rw
*default*        0x00000000         0xffffffff

Linker script and memory map

LOAD c:/program files (x86)/atollic/truestudio for stm32 9.3.0/armtools/bin/../lib/gcc/arm-atollic-eabi/6.3.1/armv7e-m/fpu/crti.o
LOAD c:/program files (x86)/atollic/truestudio for stm32 9.3.0/armtools/bin/../lib/gcc/arm-atollic-eabi/6.3.1/armv7e-m/fpu/crtbegin.o
LOAD ./src/src/SysTick.o
LOAD ./src/src/dma.o
LOAD ./src/src/exti.o
LOAD ./src/src/gpio.o
LOAD ./src/src/irq.o
LOAD ./src/src/memcpy.o
LOAD ./src/src/nvic.o
LOAD ./src/src/usart1.o
LOAD ./src/main.o
LOAD ./Libraries/System_stm32f4xx/src/startup_stm32f429x.o
LOAD ./Libraries/System_stm32f4xx/src/stm32f4xx_it.o
LOAD ./Libraries/System_stm32f4xx/src/system_stm32f4xx.o
                0x00000080                malloc_getpagesize_P = 0x80
START GROUP
LOAD c:/program files (x86)/atollic/truestudio for stm32 9.3.0/armtools/bin/../lib/gcc/arm-atollic-eabi/6.3.1/../../../../arm-atollic-eabi/lib/armv7e-m/fpu\libc_nano.a
LOAD c:/program files (x86)/atollic/truestudio for stm32 9.3.0/armtools/bin/../lib/gcc/arm-atollic-eabi/6.3.1/../../../../arm-atollic-eabi/lib/armv7e-m/fpu\libm.a
END GROUP
START GROUP
LOAD c:/program files (x86)/atollic/truestudio for stm32 9.3.0/armtools/bin/../lib/gcc/arm-atollic-eabi/6.3.1/armv7e-m/fpu\libgcc.a
LOAD c:/program files (x86)/atollic/truestudio for stm32 9.3.0/armtools/bin/../lib/gcc/arm-atollic-eabi/6.3.1/../../../../arm-atollic-eabi/lib/armv7e-m/fpu\libc_nano.a
END GROUP
START GROUP
LOAD c:/program files (x86)/atollic/truestudio for stm32 9.3.0/armtools/bin/../lib/gcc/arm-atollic-eabi/6.3.1/armv7e-m/fpu\libgcc.a
LOAD c:/program files (x86)/atollic/truestudio for stm32 9.3.0/armtools/bin/../lib/gcc/arm-atollic-eabi/6.3.1/../../../../arm-atollic-eabi/lib/armv7e-m/fpu\libc_nano.a
LOAD c:/program files (x86)/atollic/truestudio for stm32 9.3.0/armtools/bin/../lib/gcc/arm-atollic-eabi/6.3.1/../../../../arm-atollic-eabi/lib/armv7e-m/fpu\libnosys.a
END GROUP
START GROUP
LOAD c:/program files (x86)/atollic/truestudio for stm32 9.3.0/armtools/bin/../lib/gcc/arm-atollic-eabi/6.3.1/armv7e-m/fpu\libgcc.a
LOAD c:/program files (x86)/atollic/truestudio for stm32 9.3.0/armtools/bin/../lib/gcc/arm-atollic-eabi/6.3.1/../../../../arm-atollic-eabi/lib/armv7e-m/fpu\libc_nano.a
LOAD c:/program files (x86)/atollic/truestudio for stm32 9.3.0/armtools/bin/../lib/gcc/arm-atollic-eabi/6.3.1/../../../../arm-atollic-eabi/lib/armv7e-m/fpu\libnosys.a
END GROUP
LOAD c:/program files (x86)/atollic/truestudio for stm32 9.3.0/armtools/bin/../lib/gcc/arm-atollic-eabi/6.3.1/armv7e-m/fpu/crtend.o
LOAD c:/program files (x86)/atollic/truestudio for stm32 9.3.0/armtools/bin/../lib/gcc/arm-atollic-eabi/6.3.1/armv7e-m/fpu/crtn.o
                0x20030000                _estack = 0x20030000
                0x00000000                _Min_Heap_Size = 0x0
                0x00000400                _Min_Stack_Size = 0x400

.isr_vector     0x08000000      0x1ac
                0x08000000                . = ALIGN (0x4)
 *(.isr_vector)
 .isr_vector    0x08000000      0x1ac ./Libraries/System_stm32f4xx/src/startup_stm32f429x.o
                0x08000000                g_pfnVectors
                0x080001ac                . = ALIGN (0x4)

.text           0x080001ac      0xdc4
                0x080001ac                . = ALIGN (0x4)
 *(.text)
 .text          0x080001ac       0x40 c:/program files (x86)/atollic/truestudio for stm32 9.3.0/armtools/bin/../lib/gcc/arm-atollic-eabi/6.3.1/armv7e-m/fpu/crtbegin.o
 *(.text*)
 .text.NVIC_SetPriority
                0x080001ec       0x54 ./src/src/SysTick.o
 .text.SysTick_Config
                0x08000240       0x44 ./src/src/SysTick.o
 .text.SysTick_Init
                0x08000284       0x50 ./src/src/SysTick.o
                0x08000284                SysTick_Init
 .text.SysTick_Delay
                0x080002d4       0x30 ./src/src/SysTick.o
                0x080002d4                SysTick_Delay
 .text.GPIO_init_LED
                0x08000304       0xfc ./src/src/gpio.o
                0x08000304                GPIO_init_LED
 .text.GPIO_TurnON_LED
                0x08000400       0x4c ./src/src/gpio.o
                0x08000400                GPIO_TurnON_LED
 .text.GPIO_TurnOFF_LED
                0x0800044c       0x4c ./src/src/gpio.o
                0x0800044c                GPIO_TurnOFF_LED
 .text.NVIC_SetPriorityGrouping
                0x08000498       0x48 ./src/src/nvic.o
 .text.NVIC_EnableIRQ
                0x080004e0       0x34 ./src/src/nvic.o
 .text.NVIC_SetPriority
                0x08000514       0x54 ./src/src/nvic.o
 .text.NVIC_Init
                0x08000568       0x34 ./src/src/nvic.o
                0x08000568                NVIC_Init
 .text.strTransmit
                0x0800059c       0x54 ./src/src/usart1.o
 .text.strReceive
                0x080005f0       0xa4 ./src/src/usart1.o
 .text.strCmp   0x08000694       0x58 ./src/src/usart1.o
 .text.USART1_GPIO_Config
                0x080006ec       0x90 ./src/src/usart1.o
                0x080006ec                USART1_GPIO_Config
 .text.USART1_Init
                0x0800077c       0x84 ./src/src/usart1.o
                0x0800077c                USART1_Init
 .text.USART1_Enable
                0x08000800       0x64 ./src/src/usart1.o
                0x08000800                USART1_Enable
 .text.USART1_Process
                0x08000864      0x208 ./src/src/usart1.o
                0x08000864                USART1_Process
 .text.USART1_IRQ_Callback
                0x08000a6c       0x64 ./src/src/usart1.o
                0x08000a6c                USART1_IRQ_Callback
 .text.main     0x08000ad0       0x2c ./src/main.o
                0x08000ad0                main
 .text.Reset_Handler
                0x08000afc       0x54 ./Libraries/System_stm32f4xx/src/startup_stm32f429x.o
                0x08000afc                Reset_Handler
 .text.Default_Handler
                0x08000b50        0x2 ./Libraries/System_stm32f4xx/src/startup_stm32f429x.o
                0x08000b50                RTC_Alarm_IRQHandler
                0x08000b50                HASH_RNG_IRQHandler
                0x08000b50                TIM8_CC_IRQHandler
                0x08000b50                UART8_IRQHandler
                0x08000b50                SPI4_IRQHandler
                0x08000b50                TIM1_CC_IRQHandler
                0x08000b50                DMA2_Stream5_IRQHandler
                0x08000b50                DMA1_Stream5_IRQHandler
                0x08000b50                PVD_IRQHandler
                0x08000b50                SDIO_IRQHandler
                0x08000b50                TAMP_STAMP_IRQHandler
                0x08000b50                CAN2_RX1_IRQHandler
                0x08000b50                TIM8_TRG_COM_TIM14_IRQHandler
                0x08000b50                TIM1_UP_TIM10_IRQHandler
                0x08000b50                TIM8_UP_TIM13_IRQHandler
                0x08000b50                I2C3_ER_IRQHandler
                0x08000b50                I2C2_EV_IRQHandler
                0x08000b50                DMA1_Stream2_IRQHandler
                0x08000b50                CAN1_RX0_IRQHandler
                0x08000b50                FPU_IRQHandler
                0x08000b50                OTG_HS_WKUP_IRQHandler
                0x08000b50                LTDC_ER_IRQHandler
                0x08000b50                CAN2_SCE_IRQHandler
                0x08000b50                DMA2_Stream2_IRQHandler
                0x08000b50                SPI1_IRQHandler
                0x08000b50                TIM6_DAC_IRQHandler
                0x08000b50                TIM1_BRK_TIM9_IRQHandler
                0x08000b50                DCMI_IRQHandler
                0x08000b50                CAN2_RX0_IRQHandler
                0x08000b50                DMA2_Stream3_IRQHandler
                0x08000b50                USART6_IRQHandler
                0x08000b50                USART3_IRQHandler
                0x08000b50                CRYP_IRQHandler
                0x08000b50                CAN1_RX1_IRQHandler
                0x08000b50                UART5_IRQHandler
                0x08000b50                TIM4_IRQHandler
                0x08000b50                I2C1_EV_IRQHandler
                0x08000b50                DMA1_Stream6_IRQHandler
                0x08000b50                DMA1_Stream1_IRQHandler
                0x08000b50                UART4_IRQHandler
                0x08000b50                TIM3_IRQHandler
                0x08000b50                RCC_IRQHandler
                0x08000b50                TIM8_BRK_TIM12_IRQHandler
                0x08000b50                Default_Handler
                0x08000b50                EXTI15_10_IRQHandler
                0x08000b50                ADC_IRQHandler
                0x08000b50                DMA1_Stream7_IRQHandler
                0x08000b50                SPI5_IRQHandler
                0x08000b50                TIM7_IRQHandler
                0x08000b50                CAN2_TX_IRQHandler
                0x08000b50                TIM5_IRQHandler
                0x08000b50                DMA2_Stream7_IRQHandler
                0x08000b50                I2C3_EV_IRQHandler
                0x08000b50                EXTI9_5_IRQHandler
                0x08000b50                RTC_WKUP_IRQHandler
                0x08000b50                LTDC_IRQHandler
                0x08000b50                ETH_WKUP_IRQHandler
                0x08000b50                SPI2_IRQHandler
                0x08000b50                OTG_HS_EP1_IN_IRQHandler
                0x08000b50                DMA1_Stream0_IRQHandler
                0x08000b50                CAN1_TX_IRQHandler
                0x08000b50                EXTI4_IRQHandler
                0x08000b50                ETH_IRQHandler
                0x08000b50                OTG_HS_EP1_OUT_IRQHandler
                0x08000b50                WWDG_IRQHandler
                0x08000b50                SPI6_IRQHandler
                0x08000b50                TIM2_IRQHandler
                0x08000b50                OTG_FS_WKUP_IRQHandler
                0x08000b50                TIM1_TRG_COM_TIM11_IRQHandler
                0x08000b50                OTG_HS_IRQHandler
                0x08000b50                DMA2D_IRQHandler
                0x08000b50                UART7_IRQHandler
                0x08000b50                USART2_IRQHandler
                0x08000b50                I2C2_ER_IRQHandler
                0x08000b50                DMA2_Stream1_IRQHandler
                0x08000b50                CAN1_SCE_IRQHandler
                0x08000b50                FLASH_IRQHandler
                0x08000b50                DMA2_Stream4_IRQHandler
                0x08000b50                OTG_FS_IRQHandler
                0x08000b50                SPI3_IRQHandler
                0x08000b50                DMA1_Stream4_IRQHandler
                0x08000b50                I2C1_ER_IRQHandler
                0x08000b50                FMC_IRQHandler
                0x08000b50                DMA2_Stream6_IRQHandler
                0x08000b50                SAI1_IRQHandler
                0x08000b50                DMA1_Stream3_IRQHandler
 *fill*         0x08000b52        0x2 
 .text.NVIC_SetPendingIRQ
                0x08000b54       0x34 ./Libraries/System_stm32f4xx/src/stm32f4xx_it.o
 .text.NMI_Handler
                0x08000b88        0xe ./Libraries/System_stm32f4xx/src/stm32f4xx_it.o
                0x08000b88                NMI_Handler
 .text.HardFault_Handler
                0x08000b96        0x6 ./Libraries/System_stm32f4xx/src/stm32f4xx_it.o
                0x08000b96                HardFault_Handler
 .text.MemManage_Handler
                0x08000b9c        0x6 ./Libraries/System_stm32f4xx/src/stm32f4xx_it.o
                0x08000b9c                MemManage_Handler
 .text.BusFault_Handler
                0x08000ba2        0x6 ./Libraries/System_stm32f4xx/src/stm32f4xx_it.o
                0x08000ba2                BusFault_Handler
 .text.UsageFault_Handler
                0x08000ba8        0x6 ./Libraries/System_stm32f4xx/src/stm32f4xx_it.o
                0x08000ba8                UsageFault_Handler
 .text.SVC_Handler
                0x08000bae        0xe ./Libraries/System_stm32f4xx/src/stm32f4xx_it.o
                0x08000bae                SVC_Handler
 .text.DebugMon_Handler
                0x08000bbc        0xe ./Libraries/System_stm32f4xx/src/stm32f4xx_it.o
                0x08000bbc                DebugMon_Handler
 .text.PendSV_Handler
                0x08000bca        0xe ./Libraries/System_stm32f4xx/src/stm32f4xx_it.o
                0x08000bca                PendSV_Handler
 .text.SysTick_Handler
                0x08000bd8       0x1c ./Libraries/System_stm32f4xx/src/stm32f4xx_it.o
                0x08000bd8                SysTick_Handler
 .text.EXTI0_IRQHandler
                0x08000bf4       0x34 ./Libraries/System_stm32f4xx/src/stm32f4xx_it.o
                0x08000bf4                EXTI0_IRQHandler
 .text.EXTI1_IRQHandler
                0x08000c28       0x1c ./Libraries/System_stm32f4xx/src/stm32f4xx_it.o
                0x08000c28                EXTI1_IRQHandler
 .text.EXTI2_IRQHandler
                0x08000c44       0x1c ./Libraries/System_stm32f4xx/src/stm32f4xx_it.o
                0x08000c44                EXTI2_IRQHandler
 .text.EXTI3_IRQHandler
                0x08000c60       0x1c ./Libraries/System_stm32f4xx/src/stm32f4xx_it.o
                0x08000c60                EXTI3_IRQHandler
 .text.DMA2_Stream0_IRQHandler
                0x08000c7c       0x2c ./Libraries/System_stm32f4xx/src/stm32f4xx_it.o
                0x08000c7c                DMA2_Stream0_IRQHandler
 .text.USART1_IRQHandler
                0x08000ca8        0xc ./Libraries/System_stm32f4xx/src/stm32f4xx_it.o
                0x08000ca8                USART1_IRQHandler
 .text.SystemInit
                0x08000cb4       0x6c ./Libraries/System_stm32f4xx/src/system_stm32f4xx.o
                0x08000cb4                SystemInit
 .text.SystemCoreClockUpdate
                0x08000d20       0xf8 ./Libraries/System_stm32f4xx/src/system_stm32f4xx.o
                0x08000d20                SystemCoreClockUpdate
 .text.SetSysClock
                0x08000e18       0xf8 ./Libraries/System_stm32f4xx/src/system_stm32f4xx.o
 .text.__libc_init_array
                0x08000f10       0x48 c:/program files (x86)/atollic/truestudio for stm32 9.3.0/armtools/bin/../lib/gcc/arm-atollic-eabi/6.3.1/../../../../arm-atollic-eabi/lib/armv7e-m/fpu\libc_nano.a(lib_a-init.o)
                0x08000f10                __libc_init_array
 *(.glue_7)
 .glue_7        0x08000f58        0x0 linker stubs
 *(.glue_7t)
 .glue_7t       0x08000f58        0x0 linker stubs
 *(.eh_frame)
 .eh_frame      0x08000f58        0x0 c:/program files (x86)/atollic/truestudio for stm32 9.3.0/armtools/bin/../lib/gcc/arm-atollic-eabi/6.3.1/armv7e-m/fpu/crtbegin.o
 *(.init)
 .init          0x08000f58        0x4 c:/program files (x86)/atollic/truestudio for stm32 9.3.0/armtools/bin/../lib/gcc/arm-atollic-eabi/6.3.1/armv7e-m/fpu/crti.o
                0x08000f58                _init
 .init          0x08000f5c        0x8 c:/program files (x86)/atollic/truestudio for stm32 9.3.0/armtools/bin/../lib/gcc/arm-atollic-eabi/6.3.1/armv7e-m/fpu/crtn.o
 *(.fini)
 .fini          0x08000f64        0x4 c:/program files (x86)/atollic/truestudio for stm32 9.3.0/armtools/bin/../lib/gcc/arm-atollic-eabi/6.3.1/armv7e-m/fpu/crti.o
                0x08000f64                _fini
 .fini          0x08000f68        0x8 c:/program files (x86)/atollic/truestudio for stm32 9.3.0/armtools/bin/../lib/gcc/arm-atollic-eabi/6.3.1/armv7e-m/fpu/crtn.o
                0x08000f70                . = ALIGN (0x4)
                0x08000f70                _etext = .

.vfp11_veneer   0x08000f70        0x0
 .vfp11_veneer  0x08000f70        0x0 linker stubs

.v4_bx          0x08000f70        0x0
 .v4_bx         0x08000f70        0x0 linker stubs

.iplt           0x08000f70        0x0
 .iplt          0x08000f70        0x0 c:/program files (x86)/atollic/truestudio for stm32 9.3.0/armtools/bin/../lib/gcc/arm-atollic-eabi/6.3.1/armv7e-m/fpu/crtbegin.o

.rodata         0x08000f70       0xec
                0x08000f70                . = ALIGN (0x4)
 *(.rodata)
 *(.rodata*)
 .rodata.hello_world
                0x08000f70        0xd ./src/src/usart1.o
 *fill*         0x08000f7d        0x3 
 .rodata.ask_for_name
                0x08000f80       0x14 ./src/src/usart1.o
 .rodata.hi     0x08000f94        0x6 ./src/src/usart1.o
 *fill*         0x08000f9a        0x2 
 .rodata.ask_for_command
                0x08000f9c       0x15 ./src/src/usart1.o
 *fill*         0x08000fb1        0x3 
 .rodata.ask_for_command_ex
                0x08000fb4       0x34 ./src/src/usart1.o
 .rodata.turn_on_green_led
                0x08000fe8       0x12 ./src/src/usart1.o
 *fill*         0x08000ffa        0x2 
 .rodata.turn_on_red_led
                0x08000ffc       0x10 ./src/src/usart1.o
 .rodata.turn_off_green_led
                0x0800100c       0x13 ./src/src/usart1.o
 *fill*         0x0800101f        0x1 
 .rodata.turn_off_red_led
                0x08001020       0x11 ./src/src/usart1.o
 *fill*         0x08001031        0x3 
 .rodata.done   0x08001034        0x5 ./src/src/usart1.o
 *fill*         0x08001039        0x3 
 .rodata.wrong_command
                0x0800103c        0xe ./src/src/usart1.o
 *fill*         0x0800104a        0x2 
 .rodata.parity_error
                0x0800104c        0xd ./src/src/usart1.o
                0x0800105c                . = ALIGN (0x4)
 *fill*         0x08001059        0x3 

.rel.dyn        0x0800105c        0x0
 .rel.iplt      0x0800105c        0x0 c:/program files (x86)/atollic/truestudio for stm32 9.3.0/armtools/bin/../lib/gcc/arm-atollic-eabi/6.3.1/armv7e-m/fpu/crtbegin.o

.ARM.extab
 *(.ARM.extab* .gnu.linkonce.armextab.*)

.ARM            0x0800105c        0x0
                0x0800105c                __exidx_start = .
 *(.ARM.exidx*)
                0x0800105c                __exidx_end = .

.preinit_array  0x0800105c        0x0
                0x0800105c                PROVIDE (__preinit_array_start, .)
 *(.preinit_array*)
                0x0800105c                PROVIDE (__preinit_array_end, .)

.init_array     0x0800105c        0x4
                0x0800105c                PROVIDE (__init_array_start, .)
 *(SORT(.init_array.*))
 *(.init_array*)
 .init_array    0x0800105c        0x4 c:/program files (x86)/atollic/truestudio for stm32 9.3.0/armtools/bin/../lib/gcc/arm-atollic-eabi/6.3.1/armv7e-m/fpu/crtbegin.o
                0x08001060                PROVIDE (__init_array_end, .)

.fini_array     0x08001060        0x4
                [!provide]                PROVIDE (__fini_array_start, .)
 *(SORT(.fini_array.*))
 *(.fini_array*)
 .fini_array    0x08001060        0x4 c:/program files (x86)/atollic/truestudio for stm32 9.3.0/armtools/bin/../lib/gcc/arm-atollic-eabi/6.3.1/armv7e-m/fpu/crtbegin.o
                [!provide]                PROVIDE (__fini_array_end, .)
                0x08001064                _sidata = LOADADDR (.data)

.data           0x20000000       0x14 load address 0x08001064
                0x20000000                . = ALIGN (0x4)
                0x20000000                _sdata = .
 *(.data)
 *(.data*)
 .data.SystemCoreClock
                0x20000000        0x4 ./Libraries/System_stm32f4xx/src/system_stm32f4xx.o
                0x20000000                SystemCoreClock
 .data.AHBPrescTable
                0x20000004       0x10 ./Libraries/System_stm32f4xx/src/system_stm32f4xx.o
                0x20000004                AHBPrescTable
                0x20000014                . = ALIGN (0x4)
                0x20000014                _edata = .
                0x08001078                _siccmram = LOADADDR (.ccmram)

.igot.plt       0x20000014        0x0 load address 0x08001078
 .igot.plt      0x20000014        0x0 c:/program files (x86)/atollic/truestudio for stm32 9.3.0/armtools/bin/../lib/gcc/arm-atollic-eabi/6.3.1/armv7e-m/fpu/crtbegin.o

.ccmram         0x10000000        0x0 load address 0x08001078
                0x10000000                . = ALIGN (0x4)
                0x10000000                _sccmram = .
 *(.ccmram)
 *(.ccmram*)
                0x10000000                . = ALIGN (0x4)
                0x10000000                _eccmram = .
                0x10000000                . = ALIGN (0x4)

.bss            0x20000014      0x1bc
                0x20000014                _sbss = .
                0x20000014                __bss_start__ = _sbss
 *(.bss)
 .bss           0x20000014       0x1c c:/program files (x86)/atollic/truestudio for stm32 9.3.0/armtools/bin/../lib/gcc/arm-atollic-eabi/6.3.1/armv7e-m/fpu/crtbegin.o
 *(.bss*)
 .bss.currentState
                0x20000030        0x1 ./src/src/usart1.o
 .bss.currentIRQStatus
                0x20000031        0x1 ./src/src/usart1.o
 .bss.RxChar    0x20000032        0x1 ./src/src/usart1.o
 *fill*         0x20000033        0x1 
 .bss.RxBuffer  0x20000034       0xc9 ./src/src/usart1.o
 .bss.RxMessageLength
                0x200000fd        0x1 ./src/src/usart1.o
 *fill*         0x200000fe        0x2 
 .bss.RxIndex.6872
                0x20000100        0x4 ./src/src/usart1.o
 .bss.RxLocalBuffer.6871
                0x20000104       0xc8 ./src/src/usart1.o
 *(COMMON)
 COMMON         0x200001cc        0x4 ./src/src/SysTick.o
                0x200001cc                SysTickCounter
                0x200001d0                . = ALIGN (0x4)
                0x200001d0                _ebss = .
                0x200001d0                __bss_end__ = _ebss

._user_heap_stack
                0x200001d0      0x400
                0x200001d0                . = ALIGN (0x4)
                [!provide]                PROVIDE (end, .)
                [!provide]                PROVIDE (_end, .)
                0x200001d0                . = (. + _Min_Heap_Size)
                0x200005d0                . = (. + _Min_Stack_Size)
 *fill*         0x200001d0      0x400 
                0x200005d0                . = ALIGN (0x4)

.memory_b1_text
 *(.mb1text)
 *(.mb1text*)
 *(.mb1rodata)
 *(.mb1rodata*)

/DISCARD/
 libc.a(*)
 libm.a(*)
 libgcc.a(*)

.ARM.attributes
                0x00000000       0x30
 *(.ARM.attributes)
 .ARM.attributes
                0x00000000       0x22 c:/program files (x86)/atollic/truestudio for stm32 9.3.0/armtools/bin/../lib/gcc/arm-atollic-eabi/6.3.1/armv7e-m/fpu/crti.o
 .ARM.attributes
                0x00000022       0x34 c:/program files (x86)/atollic/truestudio for stm32 9.3.0/armtools/bin/../lib/gcc/arm-atollic-eabi/6.3.1/armv7e-m/fpu/crtbegin.o
 .ARM.attributes
                0x00000056       0x39 ./src/src/SysTick.o
 .ARM.attributes
                0x0000008f       0x39 ./src/src/gpio.o
 .ARM.attributes
                0x000000c8       0x39 ./src/src/nvic.o
 .ARM.attributes
                0x00000101       0x39 ./src/src/usart1.o
 .ARM.attributes
                0x0000013a       0x39 ./src/main.o
 .ARM.attributes
                0x00000173       0x21 ./Libraries/System_stm32f4xx/src/startup_stm32f429x.o
 .ARM.attributes
                0x00000194       0x39 ./Libraries/System_stm32f4xx/src/stm32f4xx_it.o
 .ARM.attributes
                0x000001cd       0x39 ./Libraries/System_stm32f4xx/src/system_stm32f4xx.o
 .ARM.attributes
                0x00000206       0x34 c:/program files (x86)/atollic/truestudio for stm32 9.3.0/armtools/bin/../lib/gcc/arm-atollic-eabi/6.3.1/../../../../arm-atollic-eabi/lib/armv7e-m/fpu\libc_nano.a(lib_a-init.o)
 .ARM.attributes
                0x0000023a       0x22 c:/program files (x86)/atollic/truestudio for stm32 9.3.0/armtools/bin/../lib/gcc/arm-atollic-eabi/6.3.1/armv7e-m/fpu/crtn.o
OUTPUT(USART.elf elf32-littlearm)

.debug_info     0x00000000     0x295b
 .debug_info    0x00000000      0x73e ./src/src/SysTick.o
 .debug_info    0x0000073e      0x457 ./src/src/gpio.o
 .debug_info    0x00000b95      0x6ad ./src/src/nvic.o
 .debug_info    0x00001242      0x8b0 ./src/src/usart1.o
 .debug_info    0x00001af2      0x128 ./src/main.o
 .debug_info    0x00001c1a       0xa6 ./Libraries/System_stm32f4xx/src/startup_stm32f429x.o
 .debug_info    0x00001cc0      0x6ab ./Libraries/System_stm32f4xx/src/stm32f4xx_it.o
 .debug_info    0x0000236b      0x5f0 ./Libraries/System_stm32f4xx/src/system_stm32f4xx.o

.debug_abbrev   0x00000000      0x970
 .debug_abbrev  0x00000000      0x1dc ./src/src/SysTick.o
 .debug_abbrev  0x000001dc      0x108 ./src/src/gpio.o
 .debug_abbrev  0x000002e4      0x159 ./src/src/nvic.o
 .debug_abbrev  0x0000043d      0x1ae ./src/src/usart1.o
 .debug_abbrev  0x000005eb       0xc3 ./src/main.o
 .debug_abbrev  0x000006ae       0x12 ./Libraries/System_stm32f4xx/src/startup_stm32f429x.o
 .debug_abbrev  0x000006c0      0x176 ./Libraries/System_stm32f4xx/src/stm32f4xx_it.o
 .debug_abbrev  0x00000836      0x13a ./Libraries/System_stm32f4xx/src/system_stm32f4xx.o

.debug_aranges  0x00000000      0x220
 .debug_aranges
                0x00000000       0x48 ./src/src/SysTick.o
 .debug_aranges
                0x00000048       0x38 ./src/src/gpio.o
 .debug_aranges
                0x00000080       0x38 ./src/src/nvic.o
 .debug_aranges
                0x000000b8       0x58 ./src/src/usart1.o
 .debug_aranges
                0x00000110       0x20 ./src/main.o
 .debug_aranges
                0x00000130       0x28 ./Libraries/System_stm32f4xx/src/startup_stm32f429x.o
 .debug_aranges
                0x00000158       0x98 ./Libraries/System_stm32f4xx/src/stm32f4xx_it.o
 .debug_aranges
                0x000001f0       0x30 ./Libraries/System_stm32f4xx/src/system_stm32f4xx.o

.debug_ranges   0x00000000      0x1c0
 .debug_ranges  0x00000000       0x38 ./src/src/SysTick.o
 .debug_ranges  0x00000038       0x28 ./src/src/gpio.o
 .debug_ranges  0x00000060       0x28 ./src/src/nvic.o
 .debug_ranges  0x00000088       0x60 ./src/src/usart1.o
 .debug_ranges  0x000000e8       0x10 ./src/main.o
 .debug_ranges  0x000000f8       0x20 ./Libraries/System_stm32f4xx/src/startup_stm32f429x.o
 .debug_ranges  0x00000118       0x88 ./Libraries/System_stm32f4xx/src/stm32f4xx_it.o
 .debug_ranges  0x000001a0       0x20 ./Libraries/System_stm32f4xx/src/system_stm32f4xx.o

.debug_line     0x00000000     0x132b
 .debug_line    0x00000000      0x26a ./src/src/SysTick.o
 .debug_line    0x0000026a      0x28e ./src/src/gpio.o
 .debug_line    0x000004f8      0x1ff ./src/src/nvic.o
 .debug_line    0x000006f7      0x36d ./src/src/usart1.o
 .debug_line    0x00000a64      0x246 ./src/main.o
 .debug_line    0x00000caa       0x98 ./Libraries/System_stm32f4xx/src/startup_stm32f429x.o
 .debug_line    0x00000d42      0x3c6 ./Libraries/System_stm32f4xx/src/stm32f4xx_it.o
 .debug_line    0x00001108      0x223 ./Libraries/System_stm32f4xx/src/system_stm32f4xx.o

.debug_str      0x00000000     0x10fc
 .debug_str     0x00000000      0x898 ./src/src/SysTick.o
                                0x8ea (size before relaxing)
 .debug_str     0x00000898      0x22a ./src/src/gpio.o
                                0x3f2 (size before relaxing)
 .debug_str     0x00000ac2       0x6d ./src/src/nvic.o
                                0x883 (size before relaxing)
 .debug_str     0x00000b2f      0x301 ./src/src/usart1.o
                                0x646 (size before relaxing)
 .debug_str     0x00000e30       0x20 ./src/main.o
                                0x24a (size before relaxing)
 .debug_str     0x00000e50      0x1d3 ./Libraries/System_stm32f4xx/src/stm32f4xx_it.o
                                0x9dd (size before relaxing)
 .debug_str     0x00001023       0xd9 ./Libraries/System_stm32f4xx/src/system_stm32f4xx.o
                                0x449 (size before relaxing)

.comment        0x00000000       0x7c
 .comment       0x00000000       0x7c ./src/src/SysTick.o
                                 0x7d (size before relaxing)
 .comment       0x0000007c       0x7d ./src/src/gpio.o
 .comment       0x0000007c       0x7d ./src/src/nvic.o
 .comment       0x0000007c       0x7d ./src/src/usart1.o
 .comment       0x0000007c       0x7d ./src/main.o
 .comment       0x0000007c       0x7d ./Libraries/System_stm32f4xx/src/stm32f4xx_it.o
 .comment       0x0000007c       0x7d ./Libraries/System_stm32f4xx/src/system_stm32f4xx.o

.debug_frame    0x00000000      0x614
 .debug_frame   0x00000000       0xe8 ./src/src/SysTick.o
 .debug_frame   0x000000e8       0xa8 ./src/src/gpio.o
 .debug_frame   0x00000190       0xa4 ./src/src/nvic.o
 .debug_frame   0x00000234      0x12c ./src/src/usart1.o
 .debug_frame   0x00000360       0x2c ./src/main.o
 .debug_frame   0x0000038c      0x1e0 ./Libraries/System_stm32f4xx/src/stm32f4xx_it.o
 .debug_frame   0x0000056c       0x7c ./Libraries/System_stm32f4xx/src/system_stm32f4xx.o
 .debug_frame   0x000005e8       0x2c c:/program files (x86)/atollic/truestudio for stm32 9.3.0/armtools/bin/../lib/gcc/arm-atollic-eabi/6.3.1/../../../../arm-atollic-eabi/lib/armv7e-m/fpu\libc_nano.a(lib_a-init.o)

Cross Reference Table

Symbol                                            File
ADC_IRQHandler                                    ./Libraries/System_stm32f4xx/src/startup_stm32f429x.o
AHBPrescTable                                     ./Libraries/System_stm32f4xx/src/system_stm32f4xx.o
BusFault_Handler                                  ./Libraries/System_stm32f4xx/src/stm32f4xx_it.o
                                                  ./Libraries/System_stm32f4xx/src/startup_stm32f429x.o
CAN1_RX0_IRQHandler                               ./Libraries/System_stm32f4xx/src/startup_stm32f429x.o
CAN1_RX1_IRQHandler                               ./Libraries/System_stm32f4xx/src/startup_stm32f429x.o
CAN1_SCE_IRQHandler                               ./Libraries/System_stm32f4xx/src/startup_stm32f429x.o
CAN1_TX_IRQHandler                                ./Libraries/System_stm32f4xx/src/startup_stm32f429x.o
CAN2_RX0_IRQHandler                               ./Libraries/System_stm32f4xx/src/startup_stm32f429x.o
CAN2_RX1_IRQHandler                               ./Libraries/System_stm32f4xx/src/startup_stm32f429x.o
CAN2_SCE_IRQHandler                               ./Libraries/System_stm32f4xx/src/startup_stm32f429x.o
CAN2_TX_IRQHandler                                ./Libraries/System_stm32f4xx/src/startup_stm32f429x.o
CRYP_IRQHandler                                   ./Libraries/System_stm32f4xx/src/startup_stm32f429x.o
DCMI_IRQHandler                                   ./Libraries/System_stm32f4xx/src/startup_stm32f429x.o
DMA1_Stream0_IRQHandler                           ./Libraries/System_stm32f4xx/src/startup_stm32f429x.o
DMA1_Stream1_IRQHandler                           ./Libraries/System_stm32f4xx/src/startup_stm32f429x.o
DMA1_Stream2_IRQHandler                           ./Libraries/System_stm32f4xx/src/startup_stm32f429x.o
DMA1_Stream3_IRQHandler                           ./Libraries/System_stm32f4xx/src/startup_stm32f429x.o
DMA1_Stream4_IRQHandler                           ./Libraries/System_stm32f4xx/src/startup_stm32f429x.o
DMA1_Stream5_IRQHandler                           ./Libraries/System_stm32f4xx/src/startup_stm32f429x.o
DMA1_Stream6_IRQHandler                           ./Libraries/System_stm32f4xx/src/startup_stm32f429x.o
DMA1_Stream7_IRQHandler                           ./Libraries/System_stm32f4xx/src/startup_stm32f429x.o
DMA2D_IRQHandler                                  ./Libraries/System_stm32f4xx/src/startup_stm32f429x.o
DMA2_Stream0_Enable                               ./src/src/dma.o
DMA2_Stream0_IRQHandler                           ./Libraries/System_stm32f4xx/src/stm32f4xx_it.o
                                                  ./Libraries/System_stm32f4xx/src/startup_stm32f429x.o
DMA2_Stream0_Init                                 ./src/src/dma.o
DMA2_Stream0_Set_Addresses                        ./src/src/dma.o
DMA2_Stream1_IRQHandler                           ./Libraries/System_stm32f4xx/src/startup_stm32f429x.o
DMA2_Stream2_IRQHandler                           ./Libraries/System_stm32f4xx/src/startup_stm32f429x.o
DMA2_Stream3_IRQHandler                           ./Libraries/System_stm32f4xx/src/startup_stm32f429x.o
DMA2_Stream4_IRQHandler                           ./Libraries/System_stm32f4xx/src/startup_stm32f429x.o
DMA2_Stream5_IRQHandler                           ./Libraries/System_stm32f4xx/src/startup_stm32f429x.o
DMA2_Stream6_IRQHandler                           ./Libraries/System_stm32f4xx/src/startup_stm32f429x.o
DMA2_Stream7_IRQHandler                           ./Libraries/System_stm32f4xx/src/startup_stm32f429x.o
DebugMon_Handler                                  ./Libraries/System_stm32f4xx/src/stm32f4xx_it.o
                                                  ./Libraries/System_stm32f4xx/src/startup_stm32f429x.o
Default_Handler                                   ./Libraries/System_stm32f4xx/src/startup_stm32f429x.o
ETH_IRQHandler                                    ./Libraries/System_stm32f4xx/src/startup_stm32f429x.o
ETH_WKUP_IRQHandler                               ./Libraries/System_stm32f4xx/src/startup_stm32f429x.o
EXTI0_IRQHandler                                  ./Libraries/System_stm32f4xx/src/stm32f4xx_it.o
                                                  ./Libraries/System_stm32f4xx/src/startup_stm32f429x.o
EXTI15_10_IRQHandler                              ./Libraries/System_stm32f4xx/src/startup_stm32f429x.o
EXTI1_IRQHandler                                  ./Libraries/System_stm32f4xx/src/stm32f4xx_it.o
                                                  ./Libraries/System_stm32f4xx/src/startup_stm32f429x.o
EXTI2_IRQHandler                                  ./Libraries/System_stm32f4xx/src/stm32f4xx_it.o
                                                  ./Libraries/System_stm32f4xx/src/startup_stm32f429x.o
EXTI3_IRQHandler                                  ./Libraries/System_stm32f4xx/src/stm32f4xx_it.o
                                                  ./Libraries/System_stm32f4xx/src/startup_stm32f429x.o
EXTI4_IRQHandler                                  ./Libraries/System_stm32f4xx/src/startup_stm32f429x.o
EXTI9_5_IRQHandler                                ./Libraries/System_stm32f4xx/src/startup_stm32f429x.o
EXTI_Init_PB                                      ./src/src/exti.o
FLASH_IRQHandler                                  ./Libraries/System_stm32f4xx/src/startup_stm32f429x.o
FMC_IRQHandler                                    ./Libraries/System_stm32f4xx/src/startup_stm32f429x.o
FPU_IRQHandler                                    ./Libraries/System_stm32f4xx/src/startup_stm32f429x.o
GPIO_Init_PB                                      ./src/src/gpio.o
GPIO_TurnOFF_LED                                  ./src/src/gpio.o
                                                  ./Libraries/System_stm32f4xx/src/stm32f4xx_it.o
                                                  ./src/src/usart1.o
GPIO_TurnON_LED                                   ./src/src/gpio.o
                                                  ./Libraries/System_stm32f4xx/src/stm32f4xx_it.o
                                                  ./src/src/usart1.o
GPIO_init_LED                                     ./src/src/gpio.o
                                                  ./src/main.o
HASH_RNG_IRQHandler                               ./Libraries/System_stm32f4xx/src/startup_stm32f429x.o
HardFault_Handler                                 ./Libraries/System_stm32f4xx/src/stm32f4xx_it.o
                                                  ./Libraries/System_stm32f4xx/src/startup_stm32f429x.o
I2C1_ER_IRQHandler                                ./Libraries/System_stm32f4xx/src/startup_stm32f429x.o
I2C1_EV_IRQHandler                                ./Libraries/System_stm32f4xx/src/startup_stm32f429x.o
I2C2_ER_IRQHandler                                ./Libraries/System_stm32f4xx/src/startup_stm32f429x.o
I2C2_EV_IRQHandler                                ./Libraries/System_stm32f4xx/src/startup_stm32f429x.o
I2C3_ER_IRQHandler                                ./Libraries/System_stm32f4xx/src/startup_stm32f429x.o
I2C3_EV_IRQHandler                                ./Libraries/System_stm32f4xx/src/startup_stm32f429x.o
IRQ_Init                                          ./src/src/irq.o
LTDC_ER_IRQHandler                                ./Libraries/System_stm32f4xx/src/startup_stm32f429x.o
LTDC_IRQHandler                                   ./Libraries/System_stm32f4xx/src/startup_stm32f429x.o
MemManage_Handler                                 ./Libraries/System_stm32f4xx/src/stm32f4xx_it.o
                                                  ./Libraries/System_stm32f4xx/src/startup_stm32f429x.o
MyIRQs                                            ./Libraries/System_stm32f4xx/src/stm32f4xx_it.o
                                                  ./src/src/irq.o
NMI_Handler                                       ./Libraries/System_stm32f4xx/src/stm32f4xx_it.o
                                                  ./Libraries/System_stm32f4xx/src/startup_stm32f429x.o
NVIC_Init                                         ./src/src/nvic.o
                                                  ./src/main.o
OTG_FS_IRQHandler                                 ./Libraries/System_stm32f4xx/src/startup_stm32f429x.o
OTG_FS_WKUP_IRQHandler                            ./Libraries/System_stm32f4xx/src/startup_stm32f429x.o
OTG_HS_EP1_IN_IRQHandler                          ./Libraries/System_stm32f4xx/src/startup_stm32f429x.o
OTG_HS_EP1_OUT_IRQHandler                         ./Libraries/System_stm32f4xx/src/startup_stm32f429x.o
OTG_HS_IRQHandler                                 ./Libraries/System_stm32f4xx/src/startup_stm32f429x.o
OTG_HS_WKUP_IRQHandler                            ./Libraries/System_stm32f4xx/src/startup_stm32f429x.o
PVD_IRQHandler                                    ./Libraries/System_stm32f4xx/src/startup_stm32f429x.o
PendSV_Handler                                    ./Libraries/System_stm32f4xx/src/stm32f4xx_it.o
                                                  ./Libraries/System_stm32f4xx/src/startup_stm32f429x.o
RCC_IRQHandler                                    ./Libraries/System_stm32f4xx/src/startup_stm32f429x.o
RTC_Alarm_IRQHandler                              ./Libraries/System_stm32f4xx/src/startup_stm32f429x.o
RTC_WKUP_IRQHandler                               ./Libraries/System_stm32f4xx/src/startup_stm32f429x.o
Reset_Handler                                     ./Libraries/System_stm32f4xx/src/startup_stm32f429x.o
SAI1_IRQHandler                                   ./Libraries/System_stm32f4xx/src/startup_stm32f429x.o
SDIO_IRQHandler                                   ./Libraries/System_stm32f4xx/src/startup_stm32f429x.o
SPI1_IRQHandler                                   ./Libraries/System_stm32f4xx/src/startup_stm32f429x.o
SPI2_IRQHandler                                   ./Libraries/System_stm32f4xx/src/startup_stm32f429x.o
SPI3_IRQHandler                                   ./Libraries/System_stm32f4xx/src/startup_stm32f429x.o
SPI4_IRQHandler                                   ./Libraries/System_stm32f4xx/src/startup_stm32f429x.o
SPI5_IRQHandler                                   ./Libraries/System_stm32f4xx/src/startup_stm32f429x.o
SPI6_IRQHandler                                   ./Libraries/System_stm32f4xx/src/startup_stm32f429x.o
SVC_Handler                                       ./Libraries/System_stm32f4xx/src/stm32f4xx_it.o
                                                  ./Libraries/System_stm32f4xx/src/startup_stm32f429x.o
SysTickCounter                                    ./Libraries/System_stm32f4xx/src/stm32f4xx_it.o
                                                  ./src/main.o
                                                  ./src/src/SysTick.o
SysTick_Delay                                     ./src/src/SysTick.o
                                                  ./Libraries/System_stm32f4xx/src/stm32f4xx_it.o
SysTick_GetCurrentTick                            ./src/src/SysTick.o
SysTick_Handler                                   ./Libraries/System_stm32f4xx/src/stm32f4xx_it.o
                                                  ./Libraries/System_stm32f4xx/src/startup_stm32f429x.o
SysTick_IncrementTicks_cb                         ./src/src/SysTick.o
SysTick_Init                                      ./src/src/SysTick.o
                                                  ./src/main.o
SystemCoreClock                                   ./Libraries/System_stm32f4xx/src/system_stm32f4xx.o
                                                  ./src/src/SysTick.o
SystemCoreClockUpdate                             ./Libraries/System_stm32f4xx/src/system_stm32f4xx.o
                                                  ./src/src/SysTick.o
SystemInit                                        ./Libraries/System_stm32f4xx/src/system_stm32f4xx.o
                                                  ./Libraries/System_stm32f4xx/src/startup_stm32f429x.o
TAMP_STAMP_IRQHandler                             ./Libraries/System_stm32f4xx/src/startup_stm32f429x.o
TIM1_BRK_TIM9_IRQHandler                          ./Libraries/System_stm32f4xx/src/startup_stm32f429x.o
TIM1_CC_IRQHandler                                ./Libraries/System_stm32f4xx/src/startup_stm32f429x.o
TIM1_TRG_COM_TIM11_IRQHandler                     ./Libraries/System_stm32f4xx/src/startup_stm32f429x.o
TIM1_UP_TIM10_IRQHandler                          ./Libraries/System_stm32f4xx/src/startup_stm32f429x.o
TIM2_IRQHandler                                   ./Libraries/System_stm32f4xx/src/startup_stm32f429x.o
TIM3_IRQHandler                                   ./Libraries/System_stm32f4xx/src/startup_stm32f429x.o
TIM4_IRQHandler                                   ./Libraries/System_stm32f4xx/src/startup_stm32f429x.o
TIM5_IRQHandler                                   ./Libraries/System_stm32f4xx/src/startup_stm32f429x.o
TIM6_DAC_IRQHandler                               ./Libraries/System_stm32f4xx/src/startup_stm32f429x.o
TIM7_IRQHandler                                   ./Libraries/System_stm32f4xx/src/startup_stm32f429x.o
TIM8_BRK_TIM12_IRQHandler                         ./Libraries/System_stm32f4xx/src/startup_stm32f429x.o
TIM8_CC_IRQHandler                                ./Libraries/System_stm32f4xx/src/startup_stm32f429x.o
TIM8_TRG_COM_TIM14_IRQHandler                     ./Libraries/System_stm32f4xx/src/startup_stm32f429x.o
TIM8_UP_TIM13_IRQHandler                          ./Libraries/System_stm32f4xx/src/startup_stm32f429x.o
UART4_IRQHandler                                  ./Libraries/System_stm32f4xx/src/startup_stm32f429x.o
UART5_IRQHandler                                  ./Libraries/System_stm32f4xx/src/startup_stm32f429x.o
UART7_IRQHandler                                  ./Libraries/System_stm32f4xx/src/startup_stm32f429x.o
UART8_IRQHandler                                  ./Libraries/System_stm32f4xx/src/startup_stm32f429x.o
USART1_Enable                                     ./src/src/usart1.o
                                                  ./src/main.o
USART1_GPIO_Config                                ./src/src/usart1.o
                                                  ./src/main.o
USART1_IRQHandler                                 ./Libraries/System_stm32f4xx/src/stm32f4xx_it.o
                                                  ./Libraries/System_stm32f4xx/src/startup_stm32f429x.o
USART1_IRQ_Callback                               ./src/src/usart1.o
                                                  ./Libraries/System_stm32f4xx/src/stm32f4xx_it.o
USART1_Init                                       ./src/src/usart1.o
                                                  ./src/main.o
USART1_Process                                    ./src/src/usart1.o
                                                  ./src/main.o
USART2_IRQHandler                                 ./Libraries/System_stm32f4xx/src/startup_stm32f429x.o
USART3_IRQHandler                                 ./Libraries/System_stm32f4xx/src/startup_stm32f429x.o
USART6_IRQHandler                                 ./Libraries/System_stm32f4xx/src/startup_stm32f429x.o
UsageFault_Handler                                ./Libraries/System_stm32f4xx/src/stm32f4xx_it.o
                                                  ./Libraries/System_stm32f4xx/src/startup_stm32f429x.o
WWDG_IRQHandler                                   ./Libraries/System_stm32f4xx/src/startup_stm32f429x.o
__deregister_frame_info                           c:/program files (x86)/atollic/truestudio for stm32 9.3.0/armtools/bin/../lib/gcc/arm-atollic-eabi/6.3.1/armv7e-m/fpu/crtbegin.o
__dso_handle                                      c:/program files (x86)/atollic/truestudio for stm32 9.3.0/armtools/bin/../lib/gcc/arm-atollic-eabi/6.3.1/armv7e-m/fpu/crtbegin.o
__init_array_end                                  c:/program files (x86)/atollic/truestudio for stm32 9.3.0/armtools/bin/../lib/gcc/arm-atollic-eabi/6.3.1/../../../../arm-atollic-eabi/lib/armv7e-m/fpu\libc_nano.a(lib_a-init.o)
__init_array_start                                c:/program files (x86)/atollic/truestudio for stm32 9.3.0/armtools/bin/../lib/gcc/arm-atollic-eabi/6.3.1/../../../../arm-atollic-eabi/lib/armv7e-m/fpu\libc_nano.a(lib_a-init.o)
__libc_init_array                                 c:/program files (x86)/atollic/truestudio for stm32 9.3.0/armtools/bin/../lib/gcc/arm-atollic-eabi/6.3.1/../../../../arm-atollic-eabi/lib/armv7e-m/fpu\libc_nano.a(lib_a-init.o)
                                                  ./Libraries/System_stm32f4xx/src/startup_stm32f429x.o
__preinit_array_end                               c:/program files (x86)/atollic/truestudio for stm32 9.3.0/armtools/bin/../lib/gcc/arm-atollic-eabi/6.3.1/../../../../arm-atollic-eabi/lib/armv7e-m/fpu\libc_nano.a(lib_a-init.o)
__preinit_array_start                             c:/program files (x86)/atollic/truestudio for stm32 9.3.0/armtools/bin/../lib/gcc/arm-atollic-eabi/6.3.1/../../../../arm-atollic-eabi/lib/armv7e-m/fpu\libc_nano.a(lib_a-init.o)
__register_frame_info                             c:/program files (x86)/atollic/truestudio for stm32 9.3.0/armtools/bin/../lib/gcc/arm-atollic-eabi/6.3.1/armv7e-m/fpu/crtbegin.o
_ebss                                             ./Libraries/System_stm32f4xx/src/startup_stm32f429x.o
_edata                                            ./Libraries/System_stm32f4xx/src/startup_stm32f429x.o
_estack                                           ./Libraries/System_stm32f4xx/src/startup_stm32f429x.o
_fini                                             c:/program files (x86)/atollic/truestudio for stm32 9.3.0/armtools/bin/../lib/gcc/arm-atollic-eabi/6.3.1/armv7e-m/fpu/crti.o
_init                                             c:/program files (x86)/atollic/truestudio for stm32 9.3.0/armtools/bin/../lib/gcc/arm-atollic-eabi/6.3.1/armv7e-m/fpu/crti.o
                                                  c:/program files (x86)/atollic/truestudio for stm32 9.3.0/armtools/bin/../lib/gcc/arm-atollic-eabi/6.3.1/../../../../arm-atollic-eabi/lib/armv7e-m/fpu\libc_nano.a(lib_a-init.o)
_sbss                                             ./Libraries/System_stm32f4xx/src/startup_stm32f429x.o
_sdata                                            ./Libraries/System_stm32f4xx/src/startup_stm32f429x.o
_sidata                                           ./Libraries/System_stm32f4xx/src/startup_stm32f429x.o
g_pfnVectors                                      ./Libraries/System_stm32f4xx/src/startup_stm32f429x.o
main                                              ./src/main.o
                                                  ./Libraries/System_stm32f4xx/src/startup_stm32f429x.o
memcpy32                                          ./src/src/memcpy.o
